Archive member included to satisfy reference by file (symbol)

/opt/homebrew/Cellar/arm-none-eabi-gcc/10.3-2021.07/gcc/bin/../lib/gcc/arm-none-eabi/10.3.1/thumb/v6-m/nofp/libgcc.a(_dvmd_tls.o)
                              CMakeFiles/picoSignals.dir/pico-sdk/src/rp2_common/pico_divider/divider.S.obj (__aeabi_idiv0)
/opt/homebrew/Cellar/arm-none-eabi-gcc/10.3-2021.07/gcc/bin/../lib/gcc/arm-none-eabi/10.3.1/../../../../arm-none-eabi/lib/thumb/v6-m/nofp/libg.a(lib_a-atof.o)
                              CMakeFiles/picoSignals.dir/menu.cpp.obj (atof)
/opt/homebrew/Cellar/arm-none-eabi-gcc/10.3-2021.07/gcc/bin/../lib/gcc/arm-none-eabi/10.3.1/../../../../arm-none-eabi/lib/thumb/v6-m/nofp/libg.a(lib_a-atoi.o)
                              CMakeFiles/picoSignals.dir/menu.cpp.obj (atoi)
/opt/homebrew/Cellar/arm-none-eabi-gcc/10.3-2021.07/gcc/bin/../lib/gcc/arm-none-eabi/10.3.1/../../../../arm-none-eabi/lib/thumb/v6-m/nofp/libg.a(lib_a-calloc.o)
                              CMakeFiles/picoSignals.dir/pico-sdk/src/rp2_common/pico_malloc/pico_malloc.c.obj (calloc)
/opt/homebrew/Cellar/arm-none-eabi-gcc/10.3-2021.07/gcc/bin/../lib/gcc/arm-none-eabi/10.3.1/../../../../arm-none-eabi/lib/thumb/v6-m/nofp/libg.a(lib_a-callocr.o)
                              /opt/homebrew/Cellar/arm-none-eabi-gcc/10.3-2021.07/gcc/bin/../lib/gcc/arm-none-eabi/10.3.1/../../../../arm-none-eabi/lib/thumb/v6-m/nofp/libg.a(lib_a-calloc.o) (_calloc_r)
/opt/homebrew/Cellar/arm-none-eabi-gcc/10.3-2021.07/gcc/bin/../lib/gcc/arm-none-eabi/10.3.1/../../../../arm-none-eabi/lib/thumb/v6-m/nofp/libg.a(lib_a-errno.o)
                              CMakeFiles/picoSignals.dir/FatFs_SPI/src/ff_stdio.c.obj (__errno)
/opt/homebrew/Cellar/arm-none-eabi-gcc/10.3-2021.07/gcc/bin/../lib/gcc/arm-none-eabi/10.3.1/../../../../arm-none-eabi/lib/thumb/v6-m/nofp/libg.a(lib_a-fflush.o)
                              CMakeFiles/picoSignals.dir/FatFs_SPI/sd_driver/demo_logging.c.obj (fflush)
/opt/homebrew/Cellar/arm-none-eabi-gcc/10.3-2021.07/gcc/bin/../lib/gcc/arm-none-eabi/10.3.1/../../../../arm-none-eabi/lib/thumb/v6-m/nofp/libg.a(lib_a-findfp.o)
                              /opt/homebrew/Cellar/arm-none-eabi-gcc/10.3-2021.07/gcc/bin/../lib/gcc/arm-none-eabi/10.3.1/../../../../arm-none-eabi/lib/thumb/v6-m/nofp/libg.a(lib_a-fflush.o) (__sinit)
/opt/homebrew/Cellar/arm-none-eabi-gcc/10.3-2021.07/gcc/bin/../lib/gcc/arm-none-eabi/10.3.1/../../../../arm-none-eabi/lib/thumb/v6-m/nofp/libg.a(lib_a-freer.o)
                              /opt/homebrew/Cellar/arm-none-eabi-gcc/10.3-2021.07/gcc/bin/../lib/gcc/arm-none-eabi/10.3.1/../../../../arm-none-eabi/lib/thumb/v6-m/nofp/libg.a(lib_a-fflush.o) (_free_r)
/opt/homebrew/Cellar/arm-none-eabi-gcc/10.3-2021.07/gcc/bin/../lib/gcc/arm-none-eabi/10.3.1/../../../../arm-none-eabi/lib/thumb/v6-m/nofp/libg.a(lib_a-fwalk.o)
                              /opt/homebrew/Cellar/arm-none-eabi-gcc/10.3-2021.07/gcc/bin/../lib/gcc/arm-none-eabi/10.3.1/../../../../arm-none-eabi/lib/thumb/v6-m/nofp/libg.a(lib_a-findfp.o) (_fwalk)
/opt/homebrew/Cellar/arm-none-eabi-gcc/10.3-2021.07/gcc/bin/../lib/gcc/arm-none-eabi/10.3.1/../../../../arm-none-eabi/lib/thumb/v6-m/nofp/libg.a(lib_a-impure.o)
                              /opt/homebrew/Cellar/arm-none-eabi-gcc/10.3-2021.07/gcc/bin/../lib/gcc/arm-none-eabi/10.3.1/../../../../arm-none-eabi/lib/thumb/v6-m/nofp/libg.a(lib_a-fflush.o) (_global_impure_ptr)
/opt/homebrew/Cellar/arm-none-eabi-gcc/10.3-2021.07/gcc/bin/../lib/gcc/arm-none-eabi/10.3.1/../../../../arm-none-eabi/lib/thumb/v6-m/nofp/libg.a(lib_a-init.o)
                              /opt/homebrew/Cellar/arm-none-eabi-gcc/10.3-2021.07/gcc/bin/../lib/gcc/arm-none-eabi/10.3.1/../../../../arm-none-eabi/lib/thumb/v6-m/nofp/crt0.o (__libc_init_array)
/opt/homebrew/Cellar/arm-none-eabi-gcc/10.3-2021.07/gcc/bin/../lib/gcc/arm-none-eabi/10.3.1/../../../../arm-none-eabi/lib/thumb/v6-m/nofp/libg.a(lib_a-lock.o)
                              /opt/homebrew/Cellar/arm-none-eabi-gcc/10.3-2021.07/gcc/bin/../lib/gcc/arm-none-eabi/10.3.1/../../../../arm-none-eabi/lib/thumb/v6-m/nofp/libg.a(lib_a-findfp.o) (__retarget_lock_init_recursive)
/opt/homebrew/Cellar/arm-none-eabi-gcc/10.3-2021.07/gcc/bin/../lib/gcc/arm-none-eabi/10.3.1/../../../../arm-none-eabi/lib/thumb/v6-m/nofp/libg.a(lib_a-malloc.o)
                              CMakeFiles/picoSignals.dir/pico-sdk/src/rp2_common/pico_malloc/pico_malloc.c.obj (malloc)
/opt/homebrew/Cellar/arm-none-eabi-gcc/10.3-2021.07/gcc/bin/../lib/gcc/arm-none-eabi/10.3.1/../../../../arm-none-eabi/lib/thumb/v6-m/nofp/libg.a(lib_a-mallocr.o)
                              /opt/homebrew/Cellar/arm-none-eabi-gcc/10.3-2021.07/gcc/bin/../lib/gcc/arm-none-eabi/10.3.1/../../../../arm-none-eabi/lib/thumb/v6-m/nofp/libg.a(lib_a-callocr.o) (_malloc_r)
/opt/homebrew/Cellar/arm-none-eabi-gcc/10.3-2021.07/gcc/bin/../lib/gcc/arm-none-eabi/10.3.1/../../../../arm-none-eabi/lib/thumb/v6-m/nofp/libg.a(lib_a-memcmp.o)
[...]
Memory Configuration

Name             Origin             Length             Attributes
FLASH            0x0000000010000000 0x00000000001fd000 xr
FLASH_PERSISTENT 0x00000000101fd000 0x0000000000003000 rw
RAM              0x0000000020000000 0x0000000000040000 xrw
SCRATCH_X        0x0000000020040000 0x0000000000001000 xrw
SCRATCH_Y        0x0000000020041000 0x0000000000001000 xrw
*default*        0x0000000000000000 0xffffffffffffffff

Linker script and memory map

LOAD /opt/homebrew/Cellar/arm-none-eabi-gcc/10.3-2021.07/gcc/bin/../lib/gcc/arm-none-eabi/10.3.1/thumb/v6-m/nofp/crti.o
LOAD /opt/homebrew/Cellar/arm-none-eabi-gcc/10.3-2021.07/gcc/bin/../lib/gcc/arm-none-eabi/10.3.1/thumb/v6-m/nofp/crtbegin.o
LOAD /opt/homebrew/Cellar/arm-none-eabi-gcc/10.3-2021.07/gcc/bin/../lib/gcc/arm-none-eabi/10.3.1/../../../../arm-none-eabi/lib/thumb/v6-m/nofp/crt0.o
                0x0000000000003000                __PERSISTENT_STORAGE_LEN = 0x3000

.flash_begin    0x0000000010000000        0x0
                0x0000000010000000                __flash_binary_start = .

.boot2          0x0000000010000000      0x100
                0x0000000010000000                __boot2_start__ = .
 *(.boot2)
 .boot2         0x0000000010000000      0x100 /var/folders/93/m4nrst_97mb1prbp4w6clz240000gn/T//ccd2O43E.o
                0x0000000010000100                __boot2_end__ = .
                0x0000000000000001                ASSERT (((__boot2_end__ - __boot2_start__) == 0x100), ERROR: Pico second stage bootloader must be 256 bytes in size)

.text           0x0000000010000100    0x2fb08
                0x0000000010000100                __logical_binary_start = .
 *(.vectors)
 .vectors       0x0000000010000100       0xd4 CMakeFiles/picoSignals.dir/pico-sdk/src/rp2_common/pico_standard_link/crt0.S.obj
                0x0000000010000100                __VECTOR_TABLE
                0x0000000010000100                __vectors
                0x00000000100001c0                __default_isrs_start
                0x00000000100001c0                isr_invalid
                0x00000000100001c2                isr_nmi
                0x00000000100001c4                isr_hardfault
                0x00000000100001c6                isr_svcall
                0x00000000100001c8                isr_pendsv
                0x00000000100001ca                isr_systick
                0x00000000100001cc                isr_irq28
                0x00000000100001cc                isr_irq19
                0x00000000100001cc                isr_irq0
                0x00000000100001cc                isr_irq6
                0x00000000100001cc                isr_irq22
                0x00000000100001cc                isr_irq17
                0x00000000100001cc                isr_irq14
                0x00000000100001cc                isr_irq2
                0x00000000100001cc                isr_irq10
                0x00000000100001cc                isr_irq8
                0x00000000100001cc                isr_irq24
                0x00000000100001cc                isr_irq1
                0x00000000100001cc                isr_irq7
                0x00000000100001cc                isr_irq21
                0x00000000100001cc                isr_irq20
                0x00000000100001cc                isr_irq15
                0x00000000100001cc                isr_irq25
                0x00000000100001cc                isr_irq4
                0x00000000100001cc                isr_irq16
                0x00000000100001cc                isr_irq29
                0x00000000100001cc                isr_irq26
                0x00000000100001cc                __default_isrs_end
                0x00000000100001cc                isr_irq3
                0x00000000100001cc                isr_irq9
                0x00000000100001cc                __unhandled_user_irq
                0x00000000100001cc                isr_irq13
                0x00000000100001cc                isr_irq27
                0x00000000100001cc                isr_irq31
                0x00000000100001cc                isr_irq5
                0x00000000100001cc                isr_irq11
                0x00000000100001cc                isr_irq23
                0x00000000100001cc                isr_irq18
                0x00000000100001cc                isr_irq30
                0x00000000100001cc                isr_irq12
                0x00000000100001d2                unhandled_user_irq_num_in_r0
 *(.binary_info_header)
 .binary_info_header
                0x00000000100001d4       0x14 CMakeFiles/picoSignals.dir/pico-sdk/src/rp2_common/pico_standard_link/crt0.S.obj
                0x00000000100001e8                __binary_info_header_end = .
 *(.reset)
 .reset         0x00000000100001e8       0xa0 CMakeFiles/picoSignals.dir/pico-sdk/src/rp2_common/pico_standard_link/crt0.S.obj
                0x00000000100001e8                _entry_point
 .reset         0x0000000010000288       0x30 CMakeFiles/picoSignals.dir/pico-sdk/src/rp2_common/pico_standard_link/binary_info.c.obj
 *(.init)
 .init          0x00000000100002b8        0x4 /opt/homebrew/Cellar/arm-none-eabi-gcc/10.3-2021.07/gcc/bin/../lib/gcc/arm-none-eabi/10.3.1/thumb/v6-m/nofp/crti.o
                0x00000000100002b8                _init
 *(EXCLUDE_FILE(*libm.a: *libc.a:*lib_a-mem*.o *libgcc.a:) .text*)
 .text          0x00000000100002bc       0x48 /opt/homebrew/Cellar/arm-none-eabi-gcc/10.3-2021.07/gcc/bin/../lib/gcc/arm-none-eabi/10.3.1/thumb/v6-m/nofp/crtbegin.o
 .text._ZN11ArduinoJson8V741HB226detailL12isTinyStringIPcEEbRKT_j
                0x0000000010000304       0x2c CMakeFiles/picoSignals.dir/main.cpp.obj
 .text.get_absolute_time
                0x0000000010000330       0x2c CMakeFiles/picoSignals.dir/main.cpp.obj
 .text._Z41__static_initialization_and_destruction_0ii
                0x000000001000035c       0xfc CMakeFiles/picoSignals.dir/main.cpp.obj
 .text._ZN4Main14eraseFlashJSONEv
                0x0000000010000458       0x14 CMakeFiles/picoSignals.dir/main.cpp.obj
                0x0000000010000458                Main::eraseFlashJSON()
 .text._ZN4Main9writeJSONEPh
                0x000000001000046c       0x14 CMakeFiles/picoSignals.dir/main.cpp.obj
                0x000000001000046c                Main::writeJSON(unsigned char*)
 .text._ZN11ArduinoJson8V741HB226detail16DefaultAllocator10reallocateEPvj
                0x0000000010000480        0xc CMakeFiles/picoSignals.dir/main.cpp.obj
                0x0000000010000480                ArduinoJson::V741HB22::detail::DefaultAllocator::reallocate(void*, unsigned int)
 .text._ZN11ArduinoJson8V741HB226detail16DefaultAllocator10deallocateEPv
                0x000000001000048c        0xa CMakeFiles/picoSignals.dir/main.cpp.obj
                0x000000001000048c                ArduinoJson::V741HB22::detail::DefaultAllocator::deallocate(void*)
 .text._ZN11ArduinoJson8V741HB226detail16DefaultAllocator8allocateEj
                0x0000000010000496        0xa CMakeFiles/picoSignals.dir/main.cpp.obj
                0x0000000010000496                ArduinoJson::V741HB22::detail::DefaultAllocator::allocate(unsigned int)
 .text._ZN4Main14writeFlashJSONEPh
                0x00000000100004a0      0x120 CMakeFiles/picoSignals.dir/main.cpp.obj
                0x00000000100004a0                Main::writeFlashJSON(unsigned char*)
 .text.vApplicationStackOverflowHook
                0x00000000100005c0        0xc CMakeFiles/picoSignals.dir/main.cpp.obj
                0x00000000100005c0                vApplicationStackOverflowHook
 .text.vApplicationMallocFailedHook
                0x00000000100005cc        0xc CMakeFiles/picoSignals.dir/main.cpp.obj
                0x00000000100005cc                vApplicationMallocFailedHook
 .text._ZN4Main5resetEv
                0x00000000100005d8       0x58 CMakeFiles/picoSignals.dir/main.cpp.obj
                0x00000000100005d8                Main::reset()
 .text._ZN11ArduinoJson8V741HB226detail14MemoryPoolListINS1_15ResourceManager8SlotDataEE9allocSlotEPNS0_9AllocatorE
                0x0000000010000630      0x330 CMakeFiles/picoSignals.dir/main.cpp.obj
                0x0000000010000630                ArduinoJson::V741HB22::detail::MemoryPoolList<ArduinoJson::V741HB22::detail::ResourceManager::SlotData>::allocSlot(ArduinoJson::V741HB22::Allocator*)
 .text._ZN11ArduinoJson8V741HB226detail10alias_castIPNS1_15ResourceManager8SlotDataEPNS1_11VariantDataEEET_T0_
                0x0000000010000960        0x2 CMakeFiles/picoSignals.dir/main.cpp.obj
                0x0000000010000960                ArduinoJson::V741HB22::detail::ResourceManager::SlotData* ArduinoJson::V741HB22::detail::alias_cast<ArduinoJson::V741HB22::detail::ResourceManager::SlotData*, ArduinoJson::V741HB22::detail::VariantData*>(ArduinoJson::V741HB22::detail::VariantData*)
 *fill*         0x0000000010000962        0x2 
 .text._ZN11ArduinoJson8V741HB226detail11VariantData5clearEPNS1_15ResourceManagerE
                0x0000000010000964      0x210 CMakeFiles/picoSignals.dir/main.cpp.obj
                0x0000000010000964                ArduinoJson::V741HB22::detail::VariantData::clear(ArduinoJson::V741HB22::detail::ResourceManager*)
 .text._ZN11ArduinoJson8V741HB226detail11adaptStringIcEENS1_13StringAdapterINS1_11conditionalIXsrNS1_15IsStringLiteralIPT_EE5valueES7_NS1_9remove_cvINS1_16remove_referenceIS7_E4typeEE4typeEE4typeEvE13AdaptedStringES7_j
                0x0000000010000b74        0xa CMakeFiles/picoSignals.dir/main.cpp.obj
                0x0000000010000b74                ArduinoJson::V741HB22::detail::StringAdapter<ArduinoJson::V741HB22::detail::conditional<ArduinoJson::V741HB22::detail::IsStringLiteral<char*>::value, char*, ArduinoJson::V741HB22::detail::remove_cv<ArduinoJson::V741HB22::detail::remove_reference<char*>::type>::type>::type, void>::AdaptedString ArduinoJson::V741HB22::detail::adaptString<char>(char*, unsigned int)
 .text._ZN11ArduinoJson8V741HB226detail7forwardIRNS0_10JsonStringEEEOT_RNS1_16remove_referenceIS5_E4typeE
                0x0000000010000b7e        0x2 CMakeFiles/picoSignals.dir/main.cpp.obj
                0x0000000010000b7e                ArduinoJson::V741HB22::JsonString& ArduinoJson::V741HB22::detail::forward<ArduinoJson::V741HB22::JsonString&>(ArduinoJson::V741HB22::detail::remove_reference<ArduinoJson::V741HB22::JsonString&>::type&)
 .text._ZN11ArduinoJson8V741HB226detail11adaptStringIRNS0_10JsonStringEEENS1_13StringAdapterINS1_11conditionalIXsrNS1_15IsStringLiteralIT_EE5valueES8_NS1_9remove_cvINS1_16remove_referenceIS8_E4typeEE4typeEE4typeEvE13AdaptedStringEOS8_
                0x0000000010000b80       0x14 CMakeFiles/picoSignals.dir/main.cpp.obj
                0x0000000010000b80                ArduinoJson::V741HB22::detail::StringAdapter<ArduinoJson::V741HB22::detail::conditional<ArduinoJson::V741HB22::detail::IsStringLiteral<ArduinoJson::V741HB22::JsonString&>::value, ArduinoJson::V741HB22::JsonString&, ArduinoJson::V741HB22::detail::remove_cv<ArduinoJson::V741HB22::detail::remove_reference<ArduinoJson::V741HB22::JsonString&>::type>::type>::type, void>::AdaptedString ArduinoJson::V741HB22::detail::adaptString<ArduinoJson::V741HB22::JsonString&>(ArduinoJson::V741HB22::JsonString&)
 .text._ZN11ArduinoJson8V741HB226detail7forwardIRNS0_12JsonDocumentEEEOT_RNS1_16remove_referenceIS5_E4typeE
                0x0000000010000b94        0x2 CMakeFiles/picoSignals.dir/main.cpp.obj
                0x0000000010000b94                ArduinoJson::V741HB22::JsonDocument& ArduinoJson::V741HB22::detail::forward<ArduinoJson::V741HB22::JsonDocument&>(ArduinoJson::V741HB22::detail::remove_reference<ArduinoJson::V741HB22::JsonDocument&>::type&)
 *fill*         0x0000000010000b96        0x2 
 .text._ZN11ArduinoJson8V741HB226detail12stringEqualsINS1_9RamStringES3_EENS1_9enable_ifIXlesrT_11typeSortKeysrT0_11typeSortKeyEbE4typeES5_S6_
                0x0000000010000b98       0xc8 CMakeFiles/picoSignals.dir/main.cpp.obj
                0x0000000010000b98                ArduinoJson::V741HB22::detail::enable_if<ArduinoJson::V741HB22::detail::RamString::typeSortKey<=ArduinoJson::V741HB22::detail::RamString::typeSortKey, bool>::type ArduinoJson::V741HB22::detail::stringEquals<ArduinoJson::V741HB22::detail::RamString, ArduinoJson::V741HB22::detail::RamString>(ArduinoJson::V741HB22::detail::RamString, ArduinoJson::V741HB22::detail::RamString)
 .text._ZN11ArduinoJson8V741HB226detail13StringBuilder4saveEPNS1_11VariantDataE
                0x0000000010000c60      0x228 CMakeFiles/picoSignals.dir/main.cpp.obj
                0x0000000010000c60                ArduinoJson::V741HB22::detail::StringBuilder::save(ArduinoJson::V741HB22::detail::VariantData*)
 .text._ZN11ArduinoJson8V741HB226detail10alias_castIdyEET_T0_
                0x0000000010000e88        0x2 CMakeFiles/picoSignals.dir/main.cpp.obj
                0x0000000010000e88                double ArduinoJson::V741HB22::detail::alias_cast<double, unsigned long long>(unsigned long long)
 *fill*         0x0000000010000e8a        0x2 
 .text._ZN11ArduinoJson8V741HB226detail11parseNumberEPKc
                0x0000000010000e8c      0x35c CMakeFiles/picoSignals.dir/main.cpp.obj
                0x0000000010000e8c                ArduinoJson::V741HB22::detail::parseNumber(char const*)
 .text._ZN11ArduinoJson8V741HB226detail7forwardIRPcEEOT_RNS1_16remove_referenceIS5_E4typeE
                0x00000000100011e8        0x2 CMakeFiles/picoSignals.dir/main.cpp.obj
                0x00000000100011e8                char*& ArduinoJson::V741HB22::detail::forward<char*&>(ArduinoJson::V741HB22::detail::remove_reference<char*&>::type&)
 *fill*         0x00000000100011ea        0x2 
 .text._ZN11ArduinoJson8V741HB226detail10makeReaderIRPcEENS1_6ReaderINS1_16remove_referenceIT_E4typeEvEEOS7_
                0x00000000100011ec       0x18 CMakeFiles/picoSignals.dir/main.cpp.obj
                0x00000000100011ec                ArduinoJson::V741HB22::detail::Reader<ArduinoJson::V741HB22::detail::remove_reference<char*&>::type, void> ArduinoJson::V741HB22::detail::makeReader<char*&>(char*&)
 .text._ZN11ArduinoJson8V741HB226detail7forwardIRA5_KcEEOT_RNS1_16remove_referenceIS6_E4typeE
                0x0000000010001204        0x2 CMakeFiles/picoSignals.dir/main.cpp.obj
                0x0000000010001204                char const (&ArduinoJson::V741HB22::detail::forward<char const (&) [5]>(ArduinoJson::V741HB22::detail::remove_reference<char const (&) [5]>::type&)) [5]
 .text._ZN11ArduinoJson8V741HB226detail11adaptStringIRA5_KcEENS1_13StringAdapterINS1_11conditionalIXsrNS1_15IsStringLiteralIT_EE5valueES9_NS1_9remove_cvINS1_16remove_referenceIS9_E4typeEE4typeEE4typeEvE13AdaptedStringEOS9_
                0x0000000010001206       0x18 CMakeFiles/picoSignals.dir/main.cpp.obj
                0x0000000010001206                ArduinoJson::V741HB22::detail::StringAdapter<ArduinoJson::V741HB22::detail::conditional<ArduinoJson::V741HB22::detail::IsStringLiteral<char const (&) [5]>::value, char const (&) [5], ArduinoJson::V741HB22::detail::remove_cv<ArduinoJson::V741HB22::detail::remove_reference<char const (&) [5]>::type>::type>::type, void>::AdaptedString ArduinoJson::V741HB22::detail::adaptString<char const (&) [5]>(char const (&) [5])
 .text._ZN11ArduinoJson8V741HB226detail7forwardIRA8_KcEEOT_RNS1_16remove_referenceIS6_E4typeE
                0x000000001000121e        0x2 CMakeFiles/picoSignals.dir/main.cpp.obj
                0x000000001000121e                char const (&ArduinoJson::V741HB22::detail::forward<char const (&) [8]>(ArduinoJson::V741HB22::detail::remove_reference<char const (&) [8]>::type&)) [8]
 .text._ZN11ArduinoJson8V741HB226detail11adaptStringIRA8_KcEENS1_13StringAdapterINS1_11conditionalIXsrNS1_15IsStringLiteralIT_EE5valueES9_NS1_9remove_cvINS1_16remove_referenceIS9_E4typeEE4typeEE4typeEvE13AdaptedStringEOS9_
                0x0000000010001220       0x18 CMakeFiles/picoSignals.dir/main.cpp.obj
                0x0000000010001220                ArduinoJson::V741HB22::detail::StringAdapter<ArduinoJson::V741HB22::detail::conditional<ArduinoJson::V741HB22::detail::IsStringLiteral<char const (&) [8]>::value, char const (&) [8], ArduinoJson::V741HB22::detail::remove_cv<ArduinoJson::V741HB22::detail::remove_reference<char const (&) [8]>::type>::type>::type, void>::AdaptedString ArduinoJson::V741HB22::detail::adaptString<char const (&) [8]>(char const (&) [8])
 .text._ZN11ArduinoJson8V741HB226detail7forwardINS0_10JsonStringEEEOT_RNS1_16remove_referenceIS4_E4typeE
                0x0000000010001238        0x2 CMakeFiles/picoSignals.dir/main.cpp.obj
                0x0000000010001238                ArduinoJson::V741HB22::JsonString&& ArduinoJson::V741HB22::detail::forward<ArduinoJson::V741HB22::JsonString>(ArduinoJson::V741HB22::detail::remove_reference<ArduinoJson::V741HB22::JsonString>::type&)
 .text._ZN11ArduinoJson8V741HB226detail11adaptStringINS0_10JsonStringEEENS1_13StringAdapterINS1_11conditionalIXsrNS1_15IsStringLiteralIT_EE5valueES7_NS1_9remove_cvINS1_16remove_referenceIS7_E4typeEE4typeEE4typeEvE13AdaptedStringEOS7_
                0x000000001000123a       0x14 CMakeFiles/picoSignals.dir/main.cpp.obj
                0x000000001000123a                ArduinoJson::V741HB22::detail::StringAdapter<ArduinoJson::V741HB22::detail::conditional<ArduinoJson::V741HB22::detail::IsStringLiteral<ArduinoJson::V741HB22::JsonString>::value, ArduinoJson::V741HB22::JsonString, ArduinoJson::V741HB22::detail::remove_cv<ArduinoJson::V741HB22::detail::remove_reference<ArduinoJson::V741HB22::JsonString>::type>::type>::type, void>::AdaptedString ArduinoJson::V741HB22::detail::adaptString<ArduinoJson::V741HB22::JsonString>(ArduinoJson::V741HB22::JsonString&&)
 *fill*         0x000000001000124e        0x2 
 .text._ZNK11ArduinoJson8V741HB226detail14VariantRefBaseINS1_11MemberProxyIRNS0_12JsonDocumentENS1_9RamStringEEEE2asIPKcEET_v
                0x0000000010001250      0x318 CMakeFiles/picoSignals.dir/main.cpp.obj
                0x0000000010001250                char const* ArduinoJson::V741HB22::detail::VariantRefBase<ArduinoJson::V741HB22::detail::MemberProxy<ArduinoJson::V741HB22::JsonDocument&, ArduinoJson::V741HB22::detail::RamString> >::as<char const*>() const
 .text._ZN11ArduinoJson8V741HB226detail16canConvertNumberIhmEENS1_9enable_ifIXaaaaaasrNS1_11is_integralIT0_EE5valuesrNS1_11is_unsignedIS5_EE5valuesrNS4_IT_EE5valuelestS9_stS5_EbE4typeES5_
                0x0000000010001568        0xc CMakeFiles/picoSignals.dir/main.cpp.obj
                0x0000000010001568                ArduinoJson::V741HB22::detail::enable_if<((ArduinoJson::V741HB22::detail::is_integral<unsigned long>::value&&ArduinoJson::V741HB22::detail::is_unsigned<unsigned long>::value)&&ArduinoJson::V741HB22::detail::is_integral<unsigned char>::value)&&((sizeof (unsigned char))<=(sizeof (unsigned long))), bool>::type ArduinoJson::V741HB22::detail::canConvertNumber<unsigned char, unsigned long>(unsigned long)
 .text._ZN11ArduinoJson8V741HB226detail13convertNumberIhmEET_T0_
                0x0000000010001574       0x14 CMakeFiles/picoSignals.dir/main.cpp.obj
                0x0000000010001574                unsigned char ArduinoJson::V741HB22::detail::convertNumber<unsigned char, unsigned long>(unsigned long)
 .text._ZN11ArduinoJson8V741HB226detail16canConvertNumberIhlEENS1_9enable_ifIXaaaaaaaasrNS1_11is_integralIT0_EE5valuesrNS1_9is_signedIS5_EE5valuesrNS4_IT_EE5valuesrNS1_11is_unsignedIS9_EE5valueltstS9_stS5_EbE4typeES5_
                0x0000000010001588       0x16 CMakeFiles/picoSignals.dir/main.cpp.obj
                0x0000000010001588                ArduinoJson::V741HB22::detail::enable_if<(((ArduinoJson::V741HB22::detail::is_integral<long>::value&&ArduinoJson::V741HB22::detail::is_signed<long>::value)&&ArduinoJson::V741HB22::detail::is_integral<unsigned char>::value)&&ArduinoJson::V741HB22::detail::is_unsigned<unsigned char>::value)&&((sizeof (unsigned char))<(sizeof (long))), bool>::type ArduinoJson::V741HB22::detail::canConvertNumber<unsigned char, long>(long)
 .text._ZN11ArduinoJson8V741HB226detail13convertNumberIhlEET_T0_
                0x000000001000159e       0x14 CMakeFiles/picoSignals.dir/main.cpp.obj
                0x000000001000159e                unsigned char ArduinoJson::V741HB22::detail::convertNumber<unsigned char, long>(long)
 .text._ZN11ArduinoJson8V741HB226detail16canConvertNumberIhyEENS1_9enable_ifIXaaaaaasrNS1_11is_integralIT0_EE5valuesrNS1_11is_unsignedIS5_EE5valuesrNS4_IT_EE5valuelestS9_stS5_EbE4typeES5_
                0x00000000100015b2       0x12 CMakeFiles/picoSignals.dir/main.cpp.obj
                0x00000000100015b2                ArduinoJson::V741HB22::detail::enable_if<((ArduinoJson::V741HB22::detail::is_integral<unsigned long long>::value&&ArduinoJson::V741HB22::detail::is_unsigned<unsigned long long>::value)&&ArduinoJson::V741HB22::detail::is_integral<unsigned char>::value)&&((sizeof (unsigned char))<=(sizeof (unsigned long long))), bool>::type ArduinoJson::V741HB22::detail::canConvertNumber<unsigned char, unsigned long long>(unsigned long long)
 .text._ZN11ArduinoJson8V741HB226detail13convertNumberIhyEET_T0_
                0x00000000100015c4       0x14 CMakeFiles/picoSignals.dir/main.cpp.obj
                0x00000000100015c4                unsigned char ArduinoJson::V741HB22::detail::convertNumber<unsigned char, unsigned long long>(unsigned long long)
 .text._ZN11ArduinoJson8V741HB226detail16canConvertNumberIhxEENS1_9enable_ifIXaaaaaaaasrNS1_11is_integralIT0_EE5valuesrNS1_9is_signedIS5_EE5valuesrNS4_IT_EE5valuesrNS1_11is_unsignedIS9_EE5valueltstS9_stS5_EbE4typeES5_
                0x00000000100015d8       0x1e CMakeFiles/picoSignals.dir/main.cpp.obj
                0x00000000100015d8                ArduinoJson::V741HB22::detail::enable_if<(((ArduinoJson::V741HB22::detail::is_integral<long long>::value&&ArduinoJson::V741HB22::detail::is_signed<long long>::value)&&ArduinoJson::V741HB22::detail::is_integral<unsigned char>::value)&&ArduinoJson::V741HB22::detail::is_unsigned<unsigned char>::value)&&((sizeof (unsigned char))<(sizeof (long long))), bool>::type ArduinoJson::V741HB22::detail::canConvertNumber<unsigned char, long long>(long long)
 .text._ZN11ArduinoJson8V741HB226detail13convertNumberIhxEET_T0_
                0x00000000100015f6       0x14 CMakeFiles/picoSignals.dir/main.cpp.obj
                0x00000000100015f6                unsigned char ArduinoJson::V741HB22::detail::convertNumber<unsigned char, long long>(long long)
 *fill*         0x000000001000160a        0x2 
 .text._ZN11ArduinoJson8V741HB226detail16canConvertNumberIhfEENS1_9enable_ifIXaaaasrNS1_17is_floating_pointIT0_EE5valuesrNS1_11is_integralIT_EE5valueltstS8_stS5_EbE4typeES5_
                0x000000001000160c       0x28 CMakeFiles/picoSignals.dir/main.cpp.obj
                0x000000001000160c                ArduinoJson::V741HB22::detail::enable_if<(ArduinoJson::V741HB22::detail::is_floating_point<float>::value&&ArduinoJson::V741HB22::detail::is_integral<unsigned char>::value)&&((sizeof (unsigned char))<(sizeof (float))), bool>::type ArduinoJson::V741HB22::detail::canConvertNumber<unsigned char, float>(float)
 .text._ZN11ArduinoJson8V741HB226detail13convertNumberIhfEET_T0_
                0x0000000010001634       0x1a CMakeFiles/picoSignals.dir/main.cpp.obj
                0x0000000010001634                unsigned char ArduinoJson::V741HB22::detail::convertNumber<unsigned char, float>(float)
 *fill*         0x000000001000164e        0x2 
 .text._ZN11ArduinoJson8V741HB226detail16canConvertNumberIhdEENS1_9enable_ifIXaaaasrNS1_17is_floating_pointIT0_EE5valuesrNS1_11is_integralIT_EE5valueltstS8_stS5_EbE4typeES5_
                0x0000000010001650       0x30 CMakeFiles/picoSignals.dir/main.cpp.obj
                0x0000000010001650                ArduinoJson::V741HB22::detail::enable_if<(ArduinoJson::V741HB22::detail::is_floating_point<double>::value&&ArduinoJson::V741HB22::detail::is_integral<unsigned char>::value)&&((sizeof (unsigned char))<(sizeof (double))), bool>::type ArduinoJson::V741HB22::detail::canConvertNumber<unsigned char, double>(double)
 .text._ZN11ArduinoJson8V741HB226detail13convertNumberIhdEET_T0_
                0x0000000010001680       0x1e CMakeFiles/picoSignals.dir/main.cpp.obj
                0x0000000010001680                unsigned char ArduinoJson::V741HB22::detail::convertNumber<unsigned char, double>(double)
 *fill*         0x000000001000169e        0x2 
 .text._ZNK11ArduinoJson8V741HB226detail11VariantData10asIntegralIhEET_PKNS1_15ResourceManagerE
                0x00000000100016a0      0x134 CMakeFiles/picoSignals.dir/main.cpp.obj
                0x00000000100016a0                unsigned char ArduinoJson::V741HB22::detail::VariantData::asIntegral<unsigned char>(ArduinoJson::V741HB22::detail::ResourceManager const*) const
 .text._ZNK11ArduinoJson8V741HB226detail14VariantRefBaseINS1_11MemberProxyIRNS0_12JsonDocumentENS1_9RamStringEEEE2asIhEET_v
                0x00000000100017d4      0x2b4 CMakeFiles/picoSignals.dir/main.cpp.obj
                0x00000000100017d4                unsigned char ArduinoJson::V741HB22::detail::VariantRefBase<ArduinoJson::V741HB22::detail::MemberProxy<ArduinoJson::V741HB22::JsonDocument&, ArduinoJson::V741HB22::detail::RamString> >::as<unsigned char>() const
 .text._ZN4Main11writeSdJSONEPh
                0x0000000010001a88      0x158 CMakeFiles/picoSignals.dir/main.cpp.obj
                0x0000000010001a88                Main::writeSdJSON(unsigned char*)
 .text._ZN11ArduinoJson8V741HB226detail16JsonDeserializerINS1_6ReaderIPcvEEE17parseQuotedStringEv
                0x0000000010001be0      0x438 CMakeFiles/picoSignals.dir/main.cpp.obj
                0x0000000010001be0                ArduinoJson::V741HB22::detail::JsonDeserializer<ArduinoJson::V741HB22::detail::Reader<char*, void> >::parseQuotedString()
 .text._ZN11ArduinoJson8V741HB226detail11VariantData8setFloatIdEENS1_9enable_ifIXeqstT_Li8EEbE4typeES5_PNS1_15ResourceManagerE
                0x0000000010002018      0x100 CMakeFiles/picoSignals.dir/main.cpp.obj
                0x0000000010002018                ArduinoJson::V741HB22::detail::enable_if<(sizeof (double))==(8), bool>::type ArduinoJson::V741HB22::detail::VariantData::setFloat<double>(double, ArduinoJson::V741HB22::detail::ResourceManager*)
 .text._ZN11ArduinoJson8V741HB226detail16canConvertNumberImyEENS1_9enable_ifIXaaaaaasrNS1_11is_integralIT0_EE5valuesrNS1_11is_unsignedIS5_EE5valuesrNS4_IT_EE5valuelestS9_stS5_EbE4typeES5_
                0x0000000010002118        0xc CMakeFiles/picoSignals.dir/main.cpp.obj
                0x0000000010002118                ArduinoJson::V741HB22::detail::enable_if<((ArduinoJson::V741HB22::detail::is_integral<unsigned long long>::value&&ArduinoJson::V741HB22::detail::is_unsigned<unsigned long long>::value)&&ArduinoJson::V741HB22::detail::is_integral<unsigned long>::value)&&((sizeof (unsigned long))<=(sizeof (unsigned long long))), bool>::type ArduinoJson::V741HB22::detail::canConvertNumber<unsigned long, unsigned long long>(unsigned long long)
 .text._ZN11ArduinoJson8V741HB226detail11VariantData10setIntegerIyEENS1_9enable_ifIXsrNS1_11is_unsignedIT_EE5valueEbE4typeES6_PNS1_15ResourceManagerE
                0x0000000010002124       0xf0 CMakeFiles/picoSignals.dir/main.cpp.obj
                0x0000000010002124                ArduinoJson::V741HB22::detail::enable_if<ArduinoJson::V741HB22::detail::is_unsigned<unsigned long long>::value, bool>::type ArduinoJson::V741HB22::detail::VariantData::setInteger<unsigned long long>(unsigned long long, ArduinoJson::V741HB22::detail::ResourceManager*)
 .text._ZN11ArduinoJson8V741HB226detail16canConvertNumberIlxEENS1_9enable_ifIXaaaaaaaasrNS1_11is_integralIT0_EE5valuesrNS1_9is_signedIS5_EE5valuesrNS4_IT_EE5valuesrNS7_IS9_EE5valueltstS9_stS5_EbE4typeES5_
                0x0000000010002214       0x16 CMakeFiles/picoSignals.dir/main.cpp.obj
                0x0000000010002214                ArduinoJson::V741HB22::detail::enable_if<(((ArduinoJson::V741HB22::detail::is_integral<long long>::value&&ArduinoJson::V741HB22::detail::is_signed<long long>::value)&&ArduinoJson::V741HB22::detail::is_integral<long>::value)&&ArduinoJson::V741HB22::detail::is_signed<long>::value)&&((sizeof (long))<(sizeof (long long))), bool>::type ArduinoJson::V741HB22::detail::canConvertNumber<long, long long>(long long)
 *fill*         0x000000001000222a        0x2 
 .text._ZN11ArduinoJson8V741HB226detail11VariantData10setIntegerIxEENS1_9enable_ifIXsrNS1_9is_signedIT_EE5valueEbE4typeES6_PNS1_15ResourceManagerE
                0x000000001000222c       0xf0 CMakeFiles/picoSignals.dir/main.cpp.obj
                0x000000001000222c                ArduinoJson::V741HB22::detail::enable_if<ArduinoJson::V741HB22::detail::is_signed<long long>::value, bool>::type ArduinoJson::V741HB22::detail::VariantData::setInteger<long long>(long long, ArduinoJson::V741HB22::detail::ResourceManager*)
 .text._ZN11ArduinoJson8V741HB226detail16JsonDeserializerINS1_6ReaderIPcvEEE17parseNumericValueERNS1_11VariantDataE
                0x000000001000231c      0x1f4 CMakeFiles/picoSignals.dir/main.cpp.obj
                0x000000001000231c                ArduinoJson::V741HB22::detail::JsonDeserializer<ArduinoJson::V741HB22::detail::Reader<char*, void> >::parseNumericValue(ArduinoJson::V741HB22::detail::VariantData&)
 .text._ZN11ArduinoJson8V741HB226detail16JsonDeserializerINS1_6ReaderIPcvEEE12parseVariantINS1_14AllowAllFilterEEENS0_20DeserializationError4CodeERNS1_11VariantDataET_NS0_21DeserializationOption12NestingLimitE
                0x0000000010002510      0x338 CMakeFiles/picoSignals.dir/main.cpp.obj
                0x0000000010002510                ArduinoJson::V741HB22::DeserializationError::Code ArduinoJson::V741HB22::detail::JsonDeserializer<ArduinoJson::V741HB22::detail::Reader<char*, void> >::parseVariant<ArduinoJson::V741HB22::detail::AllowAllFilter>(ArduinoJson::V741HB22::detail::VariantData&, ArduinoJson::V741HB22::detail::AllowAllFilter, ArduinoJson::V741HB22::DeserializationOption::NestingLimit)
 .text._ZN11ArduinoJson8V741HB226detail13doDeserializeINS1_16JsonDeserializerERNS0_12JsonDocumentENS1_6ReaderIPcvEENS1_22DeserializationOptionsINS1_14AllowAllFilterEEEEENS0_20DeserializationErrorEOT0_T1_T2_
                0x0000000010002848      0x170 CMakeFiles/picoSignals.dir/main.cpp.obj
                0x0000000010002848                ArduinoJson::V741HB22::DeserializationError ArduinoJson::V741HB22::detail::doDeserialize<ArduinoJson::V741HB22::detail::JsonDeserializer, ArduinoJson::V741HB22::JsonDocument&, ArduinoJson::V741HB22::detail::Reader<char*, void>, ArduinoJson::V741HB22::detail::DeserializationOptions<ArduinoJson::V741HB22::detail::AllowAllFilter> >(ArduinoJson::V741HB22::JsonDocument&, ArduinoJson::V741HB22::detail::Reader<char*, void>, ArduinoJson::V741HB22::detail::DeserializationOptions<ArduinoJson::V741HB22::detail::AllowAllFilter>)
 .text._ZN11ArduinoJson8V741HB226detail11deserializeINS1_16JsonDeserializerERNS0_12JsonDocumentERPcJELi0EEENS0_20DeserializationErrorEOT0_OT1_DpT2_
                0x00000000100029b8       0x2a CMakeFiles/picoSignals.dir/main.cpp.obj
                0x00000000100029b8                ArduinoJson::V741HB22::DeserializationError ArduinoJson::V741HB22::detail::deserialize<ArduinoJson::V741HB22::detail::JsonDeserializer, ArduinoJson::V741HB22::JsonDocument&, char*&, , 0>(ArduinoJson::V741HB22::JsonDocument&, char*&)
 *fill*         0x00000000100029e2        0x2 
 .text._ZN4Main10loadConfigEv
                0x00000000100029e4      0x300 CMakeFiles/picoSignals.dir/main.cpp.obj
                0x00000000100029e4                Main::loadConfig()
 .text.main     0x0000000010002ce4      0x2a4 CMakeFiles/picoSignals.dir/main.cpp.obj
                0x0000000010002ce4                main
 .text._ZN11ArduinoJson8V741HB226detail16JsonDeserializerINS1_6ReaderIPcvEEE10parseArrayINS1_14AllowAllFilterEEENS0_20DeserializationError4CodeERNS1_9ArrayDataET_NS0_21DeserializationOption12NestingLimitE
                0x0000000010002f88      0x3e8 CMakeFiles/picoSignals.dir/main.cpp.obj
                0x0000000010002f88                ArduinoJson::V741HB22::DeserializationError::Code ArduinoJson::V741HB22::detail::JsonDeserializer<ArduinoJson::V741HB22::detail::Reader<char*, void> >::parseArray<ArduinoJson::V741HB22::detail::AllowAllFilter>(ArduinoJson::V741HB22::detail::ArrayData&, ArduinoJson::V741HB22::detail::AllowAllFilter, ArduinoJson::V741HB22::DeserializationOption::NestingLimit)
 .text._ZN11ArduinoJson8V741HB226detail16JsonDeserializerINS1_6ReaderIPcvEEE11parseObjectINS1_14AllowAllFilterEEENS0_20DeserializationError4CodeERNS1_10ObjectDataET_NS0_21DeserializationOption12NestingLimitE
                0x0000000010003370      0xb6c CMakeFiles/picoSignals.dir/main.cpp.obj
                0x0000000010003370                ArduinoJson::V741HB22::DeserializationError::Code ArduinoJson::V741HB22::detail::JsonDeserializer<ArduinoJson::V741HB22::detail::Reader<char*, void> >::parseObject<ArduinoJson::V741HB22::detail::AllowAllFilter>(ArduinoJson::V741HB22::detail::ObjectData&, ArduinoJson::V741HB22::detail::AllowAllFilter, ArduinoJson::V741HB22::DeserializationOption::NestingLimit)
 .text._GLOBAL__sub_I__ZN4Main3cfgE
                0x0000000010003edc       0x10 CMakeFiles/picoSignals.dir/main.cpp.obj
 .text.get_absolute_time
                0x0000000010003eec       0x2c CMakeFiles/picoSignals.dir/LED.cpp.obj
 .text._ZN3LED7ledTaskEPv
                0x0000000010003f18       0x48 CMakeFiles/picoSignals.dir/LED.cpp.obj
                0x0000000010003f18                LED::ledTask(void*)
 .text._ZN3LED12errorLEDtaskEPv
                0x0000000010003f60       0xc4 CMakeFiles/picoSignals.dir/LED.cpp.obj
                0x0000000010003f60                LED::errorLEDtask(void*)
 .text._ZN3LED4initEv
                0x0000000010004024      0x118 CMakeFiles/picoSignals.dir/LED.cpp.obj
                0x0000000010004024                LED::init()
 .text._ZN3LED8setErrorEh
                0x000000001000413c       0x80 CMakeFiles/picoSignals.dir/LED.cpp.obj
                0x000000001000413c                LED::setError(unsigned char)
 .text._ZN3LED9errorLoopEh
                0x00000000100041bc       0x8c CMakeFiles/picoSignals.dir/LED.cpp.obj
                0x00000000100041bc                LED::errorLoop(unsigned char)
 .text._ZN3LED8getErrorEv
                0x0000000010004248        0xc CMakeFiles/picoSignals.dir/LED.cpp.obj
                0x0000000010004248                LED::getError()
 .text._ZN3LED8postLoopEh
                0x0000000010004254       0x98 CMakeFiles/picoSignals.dir/LED.cpp.obj
                0x0000000010004254                LED::postLoop(unsigned char)
 .text._ZN7Battery11batteryTaskEPv
                0x00000000100042ec      0x178 CMakeFiles/picoSignals.dir/battery.cpp.obj
                0x00000000100042ec                Battery::batteryTask(void*)
 .text._ZN7Battery17getBatteryVoltageEv
                0x0000000010004464        0xc CMakeFiles/picoSignals.dir/battery.cpp.obj
                0x0000000010004464                Battery::getBatteryVoltage()
 .text._ZN11ArduinoJson8V741HB226detail7forwardIRA11_KcEEOT_RNS1_16remove_referenceIS6_E4typeE
                0x0000000010004470        0x2 CMakeFiles/picoSignals.dir/battery.cpp.obj
                0x0000000010004470                char const (&ArduinoJson::V741HB22::detail::forward<char const (&) [11]>(ArduinoJson::V741HB22::detail::remove_reference<char const (&) [11]>::type&)) [11]
 .text._ZN11ArduinoJson8V741HB226detail11adaptStringIRA11_KcEENS1_13StringAdapterINS1_11conditionalIXsrNS1_15IsStringLiteralIT_EE5valueES9_NS1_9remove_cvINS1_16remove_referenceIS9_E4typeEE4typeEE4typeEvE13AdaptedStringEOS9_
                0x0000000010004472       0x18 CMakeFiles/picoSignals.dir/battery.cpp.obj
                0x0000000010004472                ArduinoJson::V741HB22::detail::StringAdapter<ArduinoJson::V741HB22::detail::conditional<ArduinoJson::V741HB22::detail::IsStringLiteral<char const (&) [11]>::value, char const (&) [11], ArduinoJson::V741HB22::detail::remove_cv<ArduinoJson::V741HB22::detail::remove_reference<char const (&) [11]>::type>::type>::type, void>::AdaptedString ArduinoJson::V741HB22::detail::adaptString<char const (&) [11]>(char const (&) [11])
 .text._ZN11ArduinoJson8V741HB226detail7forwardIRA13_KcEEOT_RNS1_16remove_referenceIS6_E4typeE
                0x000000001000448a        0x2 CMakeFiles/picoSignals.dir/battery.cpp.obj
                0x000000001000448a                char const (&ArduinoJson::V741HB22::detail::forward<char const (&) [13]>(ArduinoJson::V741HB22::detail::remove_reference<char const (&) [13]>::type&)) [13]
 .text._ZN11ArduinoJson8V741HB226detail11adaptStringIRA13_KcEENS1_13StringAdapterINS1_11conditionalIXsrNS1_15IsStringLiteralIT_EE5valueES9_NS1_9remove_cvINS1_16remove_referenceIS9_E4typeEE4typeEE4typeEvE13AdaptedStringEOS9_
                0x000000001000448c       0x18 CMakeFiles/picoSignals.dir/battery.cpp.obj
                0x000000001000448c                ArduinoJson::V741HB22::detail::StringAdapter<ArduinoJson::V741HB22::detail::conditional<ArduinoJson::V741HB22::detail::IsStringLiteral<char const (&) [13]>::value, char const (&) [13], ArduinoJson::V741HB22::detail::remove_cv<ArduinoJson::V741HB22::detail::remove_reference<char const (&) [13]>::type>::type>::type, void>::AdaptedString ArduinoJson::V741HB22::detail::adaptString<char const (&) [13]>(char const (&) [13])
 .text._ZN11ArduinoJson8V741HB226detail7forwardIRA16_KcEEOT_RNS1_16remove_referenceIS6_E4typeE
                0x00000000100044a4        0x2 CMakeFiles/picoSignals.dir/battery.cpp.obj
                0x00000000100044a4                char const (&ArduinoJson::V741HB22::detail::forward<char const (&) [16]>(ArduinoJson::V741HB22::detail::remove_reference<char const (&) [16]>::type&)) [16]
 .text._ZN11ArduinoJson8V741HB226detail11adaptStringIRA16_KcEENS1_13StringAdapterINS1_11conditionalIXsrNS1_15IsStringLiteralIT_EE5valueES9_NS1_9remove_cvINS1_16remove_referenceIS9_E4typeEE4typeEE4typeEvE13AdaptedStringEOS9_
                0x00000000100044a6       0x18 CMakeFiles/picoSignals.dir/battery.cpp.obj
                0x00000000100044a6                ArduinoJson::V741HB22::detail::StringAdapter<ArduinoJson::V741HB22::detail::conditional<ArduinoJson::V741HB22::detail::IsStringLiteral<char const (&) [16]>::value, char const (&) [16], ArduinoJson::V741HB22::detail::remove_cv<ArduinoJson::V741HB22::detail::remove_reference<char const (&) [16]>::type>::type>::type, void>::AdaptedString ArduinoJson::V741HB22::detail::adaptString<char const (&) [16]>(char const (&) [16])
 .text._ZN11ArduinoJson8V741HB226detail16canConvertNumberIdfEENS1_9enable_ifIXaasrNS1_17is_floating_pointIT0_EE5valuesrNS4_IT_EE5valueEbE4typeES5_
                0x00000000100044be        0x4 CMakeFiles/picoSignals.dir/battery.cpp.obj
                0x00000000100044be                ArduinoJson::V741HB22::detail::enable_if<ArduinoJson::V741HB22::detail::is_floating_point<float>::value&&ArduinoJson::V741HB22::detail::is_floating_point<double>::value, bool>::type ArduinoJson::V741HB22::detail::canConvertNumber<double, float>(float)
 .text._ZN11ArduinoJson8V741HB226detail13convertNumberIdfEET_T0_
                0x00000000100044c2       0x1a CMakeFiles/picoSignals.dir/battery.cpp.obj
                0x00000000100044c2                double ArduinoJson::V741HB22::detail::convertNumber<double, float>(float)
 .text._ZN11ArduinoJson8V741HB226detail16canConvertNumberIdxEENS1_9enable_ifIXaasrNS1_11is_integralIT0_EE5valuesrNS1_17is_floating_pointIT_EE5valueEbE4typeES5_
                0x00000000100044dc        0x4 CMakeFiles/picoSignals.dir/battery.cpp.obj
                0x00000000100044dc                ArduinoJson::V741HB22::detail::enable_if<ArduinoJson::V741HB22::detail::is_integral<long long>::value&&ArduinoJson::V741HB22::detail::is_floating_point<double>::value, bool>::type ArduinoJson::V741HB22::detail::canConvertNumber<double, long long>(long long)
 .text._ZN11ArduinoJson8V741HB226detail13convertNumberIdxEET_T0_
                0x00000000100044e0       0x1e CMakeFiles/picoSignals.dir/battery.cpp.obj
                0x00000000100044e0                double ArduinoJson::V741HB22::detail::convertNumber<double, long long>(long long)
 .text._ZN11ArduinoJson8V741HB226detail16canConvertNumberIdyEENS1_9enable_ifIXaasrNS1_11is_integralIT0_EE5valuesrNS1_17is_floating_pointIT_EE5valueEbE4typeES5_
                0x00000000100044fe        0x4 CMakeFiles/picoSignals.dir/battery.cpp.obj
                0x00000000100044fe                ArduinoJson::V741HB22::detail::enable_if<ArduinoJson::V741HB22::detail::is_integral<unsigned long long>::value&&ArduinoJson::V741HB22::detail::is_floating_point<double>::value, bool>::type ArduinoJson::V741HB22::detail::canConvertNumber<double, unsigned long long>(unsigned long long)
 .text._ZN11ArduinoJson8V741HB226detail13convertNumberIdyEET_T0_
                0x0000000010004502       0x1e CMakeFiles/picoSignals.dir/battery.cpp.obj
                0x0000000010004502                double ArduinoJson::V741HB22::detail::convertNumber<double, unsigned long long>(unsigned long long)
 .text._ZN11ArduinoJson8V741HB226detail16canConvertNumberIddEENS1_9enable_ifIXaasrNS1_17is_floating_pointIT0_EE5valuesrNS4_IT_EE5valueEbE4typeES5_
                0x0000000010004520        0x4 CMakeFiles/picoSignals.dir/battery.cpp.obj
                0x0000000010004520                ArduinoJson::V741HB22::detail::enable_if<ArduinoJson::V741HB22::detail::is_floating_point<double>::value&&ArduinoJson::V741HB22::detail::is_floating_point<double>::value, bool>::type ArduinoJson::V741HB22::detail::canConvertNumber<double, double>(double)
 .text._ZN11ArduinoJson8V741HB226detail13convertNumberIddEET_T0_
                0x0000000010004524       0x1a CMakeFiles/picoSignals.dir/battery.cpp.obj
                0x0000000010004524                double ArduinoJson::V741HB22::detail::convertNumber<double, double>(double)
 *fill*         0x000000001000453e        0x2 
 .text._ZNK11ArduinoJson8V741HB226detail11VariantData7asFloatIdEET_PKNS1_15ResourceManagerE
                0x0000000010004540      0x138 CMakeFiles/picoSignals.dir/battery.cpp.obj
                0x0000000010004540                double ArduinoJson::V741HB22::detail::VariantData::asFloat<double>(ArduinoJson::V741HB22::detail::ResourceManager const*) const
 .text._ZNK11ArduinoJson8V741HB226detail14VariantRefBaseINS1_11MemberProxyIRNS0_12JsonDocumentENS1_9RamStringEEEE2asIdEET_v
                0x0000000010004678      0x2b8 CMakeFiles/picoSignals.dir/battery.cpp.obj
                0x0000000010004678                double ArduinoJson::V741HB22::detail::VariantRefBase<ArduinoJson::V741HB22::detail::MemberProxy<ArduinoJson::V741HB22::JsonDocument&, ArduinoJson::V741HB22::detail::RamString> >::as<double>() const
 .text._ZN11ArduinoJson8V741HB226detailorIdLi0EEET_RKNS1_11MemberProxyIRNS0_12JsonDocumentENS1_9RamStringEEERKS3_
                0x0000000010004930      0x2cc CMakeFiles/picoSignals.dir/battery.cpp.obj
                0x0000000010004930                double ArduinoJson::V741HB22::detail::operator|<double, 0>(ArduinoJson::V741HB22::detail::MemberProxy<ArduinoJson::V741HB22::JsonDocument&, ArduinoJson::V741HB22::detail::RamString> const&, double const&)
 .text._ZN7Battery4initEv
                0x0000000010004bfc      0x17c CMakeFiles/picoSignals.dir/battery.cpp.obj
                0x0000000010004bfc                Battery::init()
 .text._Z8gpio_isrjm
                0x0000000010004d78       0x58 CMakeFiles/picoSignals.dir/radio.cpp.obj
                0x0000000010004d78                gpio_isr(unsigned int, unsigned long)
 .text._Z41__static_initialization_and_destruction_0ii
                0x0000000010004dd0       0x30 CMakeFiles/picoSignals.dir/radio.cpp.obj
 .text._ZN5Radio8transmitEhcbb
                0x0000000010004e00       0xf4 CMakeFiles/picoSignals.dir/radio.cpp.obj
                0x0000000010004e00                Radio::transmit(unsigned char, char, bool, bool)
 .text._ZN5Radio9sendToCTCE5TOCTC
                0x0000000010004ef4       0xe4 CMakeFiles/picoSignals.dir/radio.cpp.obj
                0x0000000010004ef4                Radio::sendToCTC(TOCTC)
 .text._ZN5Radio11sendFromCTCE7FROMCTC
                0x0000000010004fd8       0xe4 CMakeFiles/picoSignals.dir/radio.cpp.obj
                0x0000000010004fd8                Radio::sendFromCTC(FROMCTC)
 .text._ZN5Radio10getAvgRSSIEv
                0x00000000100050bc       0x18 CMakeFiles/picoSignals.dir/radio.cpp.obj
                0x00000000100050bc                Radio::getAvgRSSI()
 .text._ZN5Radio7getAddrEv
                0x00000000100050d4        0xc CMakeFiles/picoSignals.dir/radio.cpp.obj
                0x00000000100050d4                Radio::getAddr()
 .text._ZN5Radio5sleepEv
                0x00000000100050e0       0x18 CMakeFiles/picoSignals.dir/radio.cpp.obj
                0x00000000100050e0                Radio::sleep()
 .text._ZN5Radio4wakeEv
                0x00000000100050f8       0x18 CMakeFiles/picoSignals.dir/radio.cpp.obj
                0x00000000100050f8                Radio::wake()
 .text._ZN5Radio4postEv
                0x0000000010005110       0x14 CMakeFiles/picoSignals.dir/radio.cpp.obj
                0x0000000010005110                Radio::post()
 .text._ZN11ArduinoJson8V741HB226detail7forwardIRA6_KcEEOT_RNS1_16remove_referenceIS6_E4typeE
                0x0000000010005124        0x2 CMakeFiles/picoSignals.dir/radio.cpp.obj
                0x0000000010005124                char const (&ArduinoJson::V741HB22::detail::forward<char const (&) [6]>(ArduinoJson::V741HB22::detail::remove_reference<char const (&) [6]>::type&)) [6]
 .text._ZN11ArduinoJson8V741HB226detail11adaptStringIRA6_KcEENS1_13StringAdapterINS1_11conditionalIXsrNS1_15IsStringLiteralIT_EE5valueES9_NS1_9remove_cvINS1_16remove_referenceIS9_E4typeEE4typeEE4typeEvE13AdaptedStringEOS9_
                0x0000000010005126       0x18 CMakeFiles/picoSignals.dir/radio.cpp.obj
                0x0000000010005126                ArduinoJson::V741HB22::detail::StringAdapter<ArduinoJson::V741HB22::detail::conditional<ArduinoJson::V741HB22::detail::IsStringLiteral<char const (&) [6]>::value, char const (&) [6], ArduinoJson::V741HB22::detail::remove_cv<ArduinoJson::V741HB22::detail::remove_reference<char const (&) [6]>::type>::type>::type, void>::AdaptedString ArduinoJson::V741HB22::detail::adaptString<char const (&) [6]>(char const (&) [6])
 .text._ZN11ArduinoJson8V741HB226detail7forwardIRA12_KcEEOT_RNS1_16remove_referenceIS6_E4typeE
                0x000000001000513e        0x2 CMakeFiles/picoSignals.dir/radio.cpp.obj
                0x000000001000513e                char const (&ArduinoJson::V741HB22::detail::forward<char const (&) [12]>(ArduinoJson::V741HB22::detail::remove_reference<char const (&) [12]>::type&)) [12]
 .text._ZN11ArduinoJson8V741HB226detail11adaptStringIRA12_KcEENS1_13StringAdapterINS1_11conditionalIXsrNS1_15IsStringLiteralIT_EE5valueES9_NS1_9remove_cvINS1_16remove_referenceIS9_E4typeEE4typeEE4typeEvE13AdaptedStringEOS9_
                0x0000000010005140       0x18 CMakeFiles/picoSignals.dir/radio.cpp.obj
                0x0000000010005140                ArduinoJson::V741HB22::detail::StringAdapter<ArduinoJson::V741HB22::detail::conditional<ArduinoJson::V741HB22::detail::IsStringLiteral<char const (&) [12]>::value, char const (&) [12], ArduinoJson::V741HB22::detail::remove_cv<ArduinoJson::V741HB22::detail::remove_reference<char const (&) [12]>::type>::type>::type, void>::AdaptedString ArduinoJson::V741HB22::detail::adaptString<char const (&) [12]>(char const (&) [12])
 .text._ZN11ArduinoJson8V741HB226detail7forwardIRA10_KcEEOT_RNS1_16remove_referenceIS6_E4typeE
                0x0000000010005158        0x2 CMakeFiles/picoSignals.dir/radio.cpp.obj
                0x0000000010005158                char const (&ArduinoJson::V741HB22::detail::forward<char const (&) [10]>(ArduinoJson::V741HB22::detail::remove_reference<char const (&) [10]>::type&)) [10]
 .text._ZN11ArduinoJson8V741HB226detail11adaptStringIRA10_KcEENS1_13StringAdapterINS1_11conditionalIXsrNS1_15IsStringLiteralIT_EE5valueES9_NS1_9remove_cvINS1_16remove_referenceIS9_E4typeEE4typeEE4typeEvE13AdaptedStringEOS9_
                0x000000001000515a       0x18 CMakeFiles/picoSignals.dir/radio.cpp.obj
                0x000000001000515a                ArduinoJson::V741HB22::detail::StringAdapter<ArduinoJson::V741HB22::detail::conditional<ArduinoJson::V741HB22::detail::IsStringLiteral<char const (&) [10]>::value, char const (&) [10], ArduinoJson::V741HB22::detail::remove_cv<ArduinoJson::V741HB22::detail::remove_reference<char const (&) [10]>::type>::type>::type, void>::AdaptedString ArduinoJson::V741HB22::detail::adaptString<char const (&) [10]>(char const (&) [10])
 .text._ZN11ArduinoJson8V741HB226detail16canConvertNumberIimEENS1_9enable_ifIXaaaaaasrNS1_11is_integralIT0_EE5valuesrNS1_11is_unsignedIS5_EE5valuesrNS4_IT_EE5valuelestS9_stS5_EbE4typeES5_
                0x0000000010005172        0x6 CMakeFiles/picoSignals.dir/radio.cpp.obj
                0x0000000010005172                ArduinoJson::V741HB22::detail::enable_if<((ArduinoJson::V741HB22::detail::is_integral<unsigned long>::value&&ArduinoJson::V741HB22::detail::is_unsigned<unsigned long>::value)&&ArduinoJson::V741HB22::detail::is_integral<int>::value)&&((sizeof (int))<=(sizeof (unsigned long))), bool>::type ArduinoJson::V741HB22::detail::canConvertNumber<int, unsigned long>(unsigned long)
 .text._ZN11ArduinoJson8V741HB226detail16canConvertNumberIilEENS1_9enable_ifIXaaaaaaaasrNS1_11is_integralIT0_EE5valuesrNS1_9is_signedIS5_EE5valuesrNS4_IT_EE5valuesrNS7_IS9_EE5valuelestS5_stS9_EbE4typeES5_
                0x0000000010005178        0x4 CMakeFiles/picoSignals.dir/radio.cpp.obj
                0x0000000010005178                ArduinoJson::V741HB22::detail::enable_if<(((ArduinoJson::V741HB22::detail::is_integral<long>::value&&ArduinoJson::V741HB22::detail::is_signed<long>::value)&&ArduinoJson::V741HB22::detail::is_integral<int>::value)&&ArduinoJson::V741HB22::detail::is_signed<int>::value)&&((sizeof (long))<=(sizeof (int))), bool>::type ArduinoJson::V741HB22::detail::canConvertNumber<int, long>(long)
 .text._ZN11ArduinoJson8V741HB226detail16canConvertNumberIiyEENS1_9enable_ifIXaaaaaasrNS1_11is_integralIT0_EE5valuesrNS1_11is_unsignedIS5_EE5valuesrNS4_IT_EE5valuelestS9_stS5_EbE4typeES5_
                0x000000001000517c       0x16 CMakeFiles/picoSignals.dir/radio.cpp.obj
                0x000000001000517c                ArduinoJson::V741HB22::detail::enable_if<((ArduinoJson::V741HB22::detail::is_integral<unsigned long long>::value&&ArduinoJson::V741HB22::detail::is_unsigned<unsigned long long>::value)&&ArduinoJson::V741HB22::detail::is_integral<int>::value)&&((sizeof (int))<=(sizeof (unsigned long long))), bool>::type ArduinoJson::V741HB22::detail::canConvertNumber<int, unsigned long long>(unsigned long long)
 .text._ZN11ArduinoJson8V741HB226detail16canConvertNumberIixEENS1_9enable_ifIXaaaaaaaasrNS1_11is_integralIT0_EE5valuesrNS1_9is_signedIS5_EE5valuesrNS4_IT_EE5valuesrNS7_IS9_EE5valueltstS9_stS5_EbE4typeES5_
                0x0000000010005192       0x16 CMakeFiles/picoSignals.dir/radio.cpp.obj
                0x0000000010005192                ArduinoJson::V741HB22::detail::enable_if<(((ArduinoJson::V741HB22::detail::is_integral<long long>::value&&ArduinoJson::V741HB22::detail::is_signed<long long>::value)&&ArduinoJson::V741HB22::detail::is_integral<int>::value)&&ArduinoJson::V741HB22::detail::is_signed<int>::value)&&((sizeof (int))<(sizeof (long long))), bool>::type ArduinoJson::V741HB22::detail::canConvertNumber<int, long long>(long long)
 .text._ZN11ArduinoJson8V741HB226detail13convertNumberIimEET_T0_
                0x00000000100051a8       0x14 CMakeFiles/picoSignals.dir/radio.cpp.obj
                0x00000000100051a8                int ArduinoJson::V741HB22::detail::convertNumber<int, unsigned long>(unsigned long)
 .text._ZN11ArduinoJson8V741HB226detail13convertNumberIilEET_T0_
                0x00000000100051bc       0x14 CMakeFiles/picoSignals.dir/radio.cpp.obj
                0x00000000100051bc                int ArduinoJson::V741HB22::detail::convertNumber<int, long>(long)
 .text._ZN11ArduinoJson8V741HB226detail13convertNumberIiyEET_T0_
                0x00000000100051d0       0x14 CMakeFiles/picoSignals.dir/radio.cpp.obj
                0x00000000100051d0                int ArduinoJson::V741HB22::detail::convertNumber<int, unsigned long long>(unsigned long long)
 .text._ZN11ArduinoJson8V741HB226detail13convertNumberIixEET_T0_
                0x00000000100051e4       0x14 CMakeFiles/picoSignals.dir/radio.cpp.obj
                0x00000000100051e4                int ArduinoJson::V741HB22::detail::convertNumber<int, long long>(long long)
 .text._ZN11ArduinoJson8V741HB226detail16canConvertNumberIidEENS1_9enable_ifIXaaaasrNS1_17is_floating_pointIT0_EE5valuesrNS1_11is_integralIT_EE5valueltstS8_stS5_EbE4typeES5_
                0x00000000100051f8       0x38 CMakeFiles/picoSignals.dir/radio.cpp.obj
                0x00000000100051f8                ArduinoJson::V741HB22::detail::enable_if<(ArduinoJson::V741HB22::detail::is_floating_point<double>::value&&ArduinoJson::V741HB22::detail::is_integral<int>::value)&&((sizeof (int))<(sizeof (double))), bool>::type ArduinoJson::V741HB22::detail::canConvertNumber<int, double>(double)
 .text._ZN11ArduinoJson8V741HB226detail13convertNumberIidEET_T0_
                0x0000000010005230       0x1c CMakeFiles/picoSignals.dir/radio.cpp.obj
                0x0000000010005230                int ArduinoJson::V741HB22::detail::convertNumber<int, double>(double)
 .text._ZN11ArduinoJson8V741HB226detail10alias_castIfmEET_T0_
                0x000000001000524c        0x2 CMakeFiles/picoSignals.dir/radio.cpp.obj
                0x000000001000524c                float ArduinoJson::V741HB22::detail::alias_cast<float, unsigned long>(unsigned long)
 *fill*         0x000000001000524e        0x2 
 .text._ZN11ArduinoJson8V741HB226detail16canConvertNumberIifEENS1_9enable_ifIXaaaasrNS1_17is_floating_pointIT0_EE5valuesrNS1_11is_integralIT_EE5valuegestS8_stS5_EbE4typeES5_
                0x0000000010005250       0x34 CMakeFiles/picoSignals.dir/radio.cpp.obj
                0x0000000010005250                ArduinoJson::V741HB22::detail::enable_if<(ArduinoJson::V741HB22::detail::is_floating_point<float>::value&&ArduinoJson::V741HB22::detail::is_integral<int>::value)&&((sizeof (int))>=(sizeof (float))), bool>::type ArduinoJson::V741HB22::detail::canConvertNumber<int, float>(float)
 .text._ZN11ArduinoJson8V741HB226detail13convertNumberIifEET_T0_
                0x0000000010005284       0x18 CMakeFiles/picoSignals.dir/radio.cpp.obj
                0x0000000010005284                int ArduinoJson::V741HB22::detail::convertNumber<int, float>(float)
 .text._ZNK11ArduinoJson8V741HB226detail11VariantData10asIntegralIiEET_PKNS1_15ResourceManagerE
                0x000000001000529c      0x134 CMakeFiles/picoSignals.dir/radio.cpp.obj
                0x000000001000529c                int ArduinoJson::V741HB22::detail::VariantData::asIntegral<int>(ArduinoJson::V741HB22::detail::ResourceManager const*) const
 .text._ZNK11ArduinoJson8V741HB226detail11VariantData9getMemberINS1_9RamStringEEEPS2_T_PKNS1_15ResourceManagerE
                0x00000000100053d0      0x280 CMakeFiles/picoSignals.dir/radio.cpp.obj
                0x00000000100053d0                ArduinoJson::V741HB22::detail::VariantData* ArduinoJson::V741HB22::detail::VariantData::getMember<ArduinoJson::V741HB22::detail::RamString>(ArduinoJson::V741HB22::detail::RamString, ArduinoJson::V741HB22::detail::ResourceManager const*) const
 .text._ZN5Radio9initRadioEv
                0x0000000010005650      0x22c CMakeFiles/picoSignals.dir/radio.cpp.obj
                0x0000000010005650                Radio::initRadio()
 .text._ZN5Radio9radioTaskEPv
                0x000000001000587c      0x24c CMakeFiles/picoSignals.dir/radio.cpp.obj
                0x000000001000587c                Radio::radioTask(void*)
 .text._ZN5Radio4initEv
                0x0000000010005ac8      0x3a8 CMakeFiles/picoSignals.dir/radio.cpp.obj
                0x0000000010005ac8                Radio::init()
 .text._GLOBAL__sub_I__ZN5Radio10radioMutexE
                0x0000000010005e70       0x10 CMakeFiles/picoSignals.dir/radio.cpp.obj
 .text._Z41__static_initialization_and_destruction_0ii
                0x0000000010005e80       0x40 CMakeFiles/picoSignals.dir/io.cpp.obj
 .text._ZN2IO6ioTaskEPv
                0x0000000010005ec0      0x290 CMakeFiles/picoSignals.dir/io.cpp.obj
                0x0000000010005ec0                IO::ioTask(void*)
 .text._ZN2IO10getIOmutexEv
                0x0000000010006150        0xc CMakeFiles/picoSignals.dir/io.cpp.obj
                0x0000000010006150                IO::getIOmutex()
 .text._ZN2IO13getSwitchInfoEP10switchInfo
                0x000000001000615c       0x10 CMakeFiles/picoSignals.dir/io.cpp.obj
                0x000000001000615c                IO::getSwitchInfo(switchInfo*)
 .text._ZN2IO10setCaptureEh
                0x000000001000616c       0x3c CMakeFiles/picoSignals.dir/io.cpp.obj
                0x000000001000616c                IO::setCapture(unsigned char)
 .text._ZN2IO10setReleaseEh
                0x00000000100061a8       0x38 CMakeFiles/picoSignals.dir/io.cpp.obj
                0x00000000100061a8                IO::setRelease(unsigned char)
 .text._ZN2IO13setLastActiveEhh
                0x00000000100061e0       0x54 CMakeFiles/picoSignals.dir/io.cpp.obj
                0x00000000100061e0                IO::setLastActive(unsigned char, unsigned char)
 .text._ZN2IO10getCaptureEh
                0x0000000010006234       0x88 CMakeFiles/picoSignals.dir/io.cpp.obj
                0x0000000010006234                IO::getCapture(unsigned char)
 .text._ZN2IO10getReleaseEh
                0x00000000100062bc       0x44 CMakeFiles/picoSignals.dir/io.cpp.obj
                0x00000000100062bc                IO::getRelease(unsigned char)
 .text._ZN2IO7getOvlGEh
                0x0000000010006300       0x44 CMakeFiles/picoSignals.dir/io.cpp.obj
                0x0000000010006300                IO::getOvlG(unsigned char)
 .text._ZN2IO7getOvlAEh
                0x0000000010006344       0x44 CMakeFiles/picoSignals.dir/io.cpp.obj
                0x0000000010006344                IO::getOvlA(unsigned char)
 .text._ZN2IO7getOvlREh
                0x0000000010006388       0x44 CMakeFiles/picoSignals.dir/io.cpp.obj
                0x0000000010006388                IO::getOvlR(unsigned char)
 .text._ZN2IO14getNumOvlHeadsEv
                0x00000000100063cc        0xc CMakeFiles/picoSignals.dir/io.cpp.obj
                0x00000000100063cc                IO::getNumOvlHeads()
 .text._ZN2IO4postEv
                0x00000000100063d8       0x10 CMakeFiles/picoSignals.dir/io.cpp.obj
                0x00000000100063d8                IO::post()
 .text._ZN2IO11getOvlAuxInEv
                0x00000000100063e8       0x34 CMakeFiles/picoSignals.dir/io.cpp.obj
                0x00000000100063e8                IO::getOvlAuxIn()
 .text._ZN11ArduinoJson8V741HB226detail7forwardIRPKcEEOT_RNS1_16remove_referenceIS6_E4typeE
                0x000000001000641c        0x2 CMakeFiles/picoSignals.dir/io.cpp.obj
                0x000000001000641c                char const*& ArduinoJson::V741HB22::detail::forward<char const*&>(ArduinoJson::V741HB22::detail::remove_reference<char const*&>::type&)
 .text._ZN11ArduinoJson8V741HB226detail11adaptStringIRPKcEENS1_13StringAdapterINS1_11conditionalIXsrNS1_15IsStringLiteralIT_EE5valueES9_NS1_9remove_cvINS1_16remove_referenceIS9_E4typeEE4typeEE4typeEvE13AdaptedStringEOS9_
                0x000000001000641e       0x26 CMakeFiles/picoSignals.dir/io.cpp.obj
                0x000000001000641e                ArduinoJson::V741HB22::detail::StringAdapter<ArduinoJson::V741HB22::detail::conditional<ArduinoJson::V741HB22::detail::IsStringLiteral<char const*&>::value, char const*&, ArduinoJson::V741HB22::detail::remove_cv<ArduinoJson::V741HB22::detail::remove_reference<char const*&>::type>::type>::type, void>::AdaptedString ArduinoJson::V741HB22::detail::adaptString<char const*&>(char const*&)
 .text._ZN11ArduinoJson8V741HB226detail13stringCompareINS1_9RamStringES3_EENS1_9enable_ifIXlesrT_11typeSortKeysrT0_11typeSortKeyEiE4typeES5_S6_
                0x0000000010006444       0xd8 CMakeFiles/picoSignals.dir/io.cpp.obj
                0x0000000010006444                ArduinoJson::V741HB22::detail::enable_if<ArduinoJson::V741HB22::detail::RamString::typeSortKey<=ArduinoJson::V741HB22::detail::RamString::typeSortKey, int>::type ArduinoJson::V741HB22::detail::stringCompare<ArduinoJson::V741HB22::detail::RamString, ArduinoJson::V741HB22::detail::RamString>(ArduinoJson::V741HB22::detail::RamString, ArduinoJson::V741HB22::detail::RamString)
 .text._ZNK11ArduinoJson8V741HB226detail11VariantData6acceptINS1_14VisitorAdapterINS1_8ComparerIPKcvEEEEEENT_11result_typeERSA_PKNS1_15ResourceManagerE
                0x000000001000651c      0x1b0 CMakeFiles/picoSignals.dir/io.cpp.obj
                0x000000001000651c                ArduinoJson::V741HB22::detail::VisitorAdapter<ArduinoJson::V741HB22::detail::Comparer<char const*, void> >::result_type ArduinoJson::V741HB22::detail::VariantData::accept<ArduinoJson::V741HB22::detail::VisitorAdapter<ArduinoJson::V741HB22::detail::Comparer<char const*, void> > >(ArduinoJson::V741HB22::detail::VisitorAdapter<ArduinoJson::V741HB22::detail::Comparer<char const*, void> >&, ArduinoJson::V741HB22::detail::ResourceManager const*) const
 .text._ZN11ArduinoJson8V741HB226detail6acceptINS1_8ComparerIPKcvEEEENT_11result_typeENS0_16JsonVariantConstERS7_
                0x00000000100066cc       0x34 CMakeFiles/picoSignals.dir/io.cpp.obj
                0x00000000100066cc                ArduinoJson::V741HB22::detail::Comparer<char const*, void>::result_type ArduinoJson::V741HB22::detail::accept<ArduinoJson::V741HB22::detail::Comparer<char const*, void> >(ArduinoJson::V741HB22::JsonVariantConst, ArduinoJson::V741HB22::detail::Comparer<char const*, void>&)
 .text._ZN11ArduinoJson8V741HB226detail7compareIPKcEENS1_13CompareResultENS0_16JsonVariantConstERKT_
                0x0000000010006700       0x16 CMakeFiles/picoSignals.dir/io.cpp.obj
                0x0000000010006700                ArduinoJson::V741HB22::detail::CompareResult ArduinoJson::V741HB22::detail::compare<char const*>(ArduinoJson::V741HB22::JsonVariantConst, char const* const&)
 *fill*         0x0000000010006716        0x2 
 .text._ZN2IO4initEv
                0x0000000010006718      0xb98 CMakeFiles/picoSignals.dir/io.cpp.obj
                0x0000000010006718                IO::init()
 .text._GLOBAL__sub_I__ZN2IO5inputE
                0x00000000100072b0       0x10 CMakeFiles/picoSignals.dir/io.cpp.obj
 .text._ZN3CTC7ctcTaskEPv
                0x00000000100072c0      0x384 CMakeFiles/picoSignals.dir/ctc.cpp.obj
                0x00000000100072c0                CTC::ctcTask(void*)
 .text._ZN3CTC6updateEv
                0x0000000010007644       0x30 CMakeFiles/picoSignals.dir/ctc.cpp.obj
                0x0000000010007644                CTC::update()
 .text._ZN3CTC5pauseEb
                0x0000000010007674        0xc CMakeFiles/picoSignals.dir/ctc.cpp.obj
                0x0000000010007674                CTC::pause(bool)
 .text._ZN3CTC14processFromMsgE7FROMCTCh
                0x0000000010007680      0x198 CMakeFiles/picoSignals.dir/ctc.cpp.obj
                0x0000000010007680                CTC::processFromMsg(FROMCTC, unsigned char)
 .text._ZN3CTC12processToMsgE5TOCTC
                0x0000000010007818       0xe8 CMakeFiles/picoSignals.dir/ctc.cpp.obj
                0x0000000010007818                CTC::processToMsg(TOCTC)
 .text._ZNK11ArduinoJson8V741HB226detail14VariantRefBaseINS1_11MemberProxyIRNS0_12JsonDocumentENS1_9RamStringEEEE2asIiEET_v
                0x0000000010007900      0x2b4 CMakeFiles/picoSignals.dir/ctc.cpp.obj
                0x0000000010007900                int ArduinoJson::V741HB22::detail::VariantRefBase<ArduinoJson::V741HB22::detail::MemberProxy<ArduinoJson::V741HB22::JsonDocument&, ArduinoJson::V741HB22::detail::RamString> >::as<int>() const
 .text._ZN3CTC4initEv
                0x0000000010007bb4      0x718 CMakeFiles/picoSignals.dir/ctc.cpp.obj
                0x0000000010007bb4                CTC::init()
 .text._ZN5HEADS7blinkOnElPv
                0x00000000100082cc       0x1c CMakeFiles/picoSignals.dir/heads.cpp.obj
                0x00000000100082cc                HEADS::blinkOn(long, void*)
 .text._Z41__static_initialization_and_destruction_0ii
                0x00000000100082e8       0x2c CMakeFiles/picoSignals.dir/heads.cpp.obj
 .text.get_absolute_time
                0x0000000010008314       0x2c CMakeFiles/picoSignals.dir/heads.cpp.obj
 .text._ZN5HEADS12delayedClearElPv
                0x0000000010008340       0x88 CMakeFiles/picoSignals.dir/heads.cpp.obj
                0x0000000010008340                HEADS::delayedClear(long, void*)
 .text._ZN5HEADS13setLastActiveEhhh
                0x00000000100083c8       0xbc CMakeFiles/picoSignals.dir/heads.cpp.obj
                0x00000000100083c8                HEADS::setLastActive(unsigned char, unsigned char, unsigned char)
 .text._ZN5HEADS5sleepEv
                0x0000000010008484       0x50 CMakeFiles/picoSignals.dir/heads.cpp.obj
                0x0000000010008484                HEADS::sleep()
 .text._ZN5HEADS9startCommEh
                0x00000000100084d4       0x58 CMakeFiles/picoSignals.dir/heads.cpp.obj
                0x00000000100084d4                HEADS::startComm(unsigned char)
 .text._ZN5HEADS7getHeadEh
                0x000000001000852c       0x48 CMakeFiles/picoSignals.dir/heads.cpp.obj
                0x000000001000852c                HEADS::getHead(unsigned char)
 .text._ZN5HEADS12getLEDErrorsEv
                0x0000000010008574       0xa4 CMakeFiles/picoSignals.dir/heads.cpp.obj
                0x0000000010008574                HEADS::getLEDErrors()
 .text._ZN5HEADS12getRawErrorsEv
                0x0000000010008618       0x48 CMakeFiles/picoSignals.dir/heads.cpp.obj
                0x0000000010008618                HEADS::getRawErrors()
 .text._ZN5HEADS10getLedInfoEv
                0x0000000010008660        0x8 CMakeFiles/picoSignals.dir/heads.cpp.obj
                0x0000000010008660                HEADS::getLedInfo()
 .text._ZN5HEADS4postEv
                0x0000000010008668       0x10 CMakeFiles/picoSignals.dir/heads.cpp.obj
                0x0000000010008668                HEADS::post()
 .text._ZN5HEADS9setHeadOnEh
                0x0000000010008678       0x20 CMakeFiles/picoSignals.dir/heads.cpp.obj
                0x0000000010008678                HEADS::setHeadOn(unsigned char)
 .text._ZN5HEADS4wakeEv
                0x0000000010008698       0xb0 CMakeFiles/picoSignals.dir/heads.cpp.obj
                0x0000000010008698                HEADS::wake()
 .text._ZN5HEADS12processRxMsgE3RCLh
                0x0000000010008748      0x708 CMakeFiles/picoSignals.dir/heads.cpp.obj
                0x0000000010008748                HEADS::processRxMsg(RCL, unsigned char)
 .text._ZN5HEADS3dimEv
                0x0000000010008e50       0x34 CMakeFiles/picoSignals.dir/heads.cpp.obj
                0x0000000010008e50                HEADS::dim()
 .text._ZN5HEADS10setHeadDimEh
                0x0000000010008e84       0x28 CMakeFiles/picoSignals.dir/heads.cpp.obj
                0x0000000010008e84                HEADS::setHeadDim(unsigned char)
 .text._ZN5HEADS9headsTaskEPv
                0x0000000010008eac      0x304 CMakeFiles/picoSignals.dir/heads.cpp.obj
                0x0000000010008eac                HEADS::headsTask(void*)
 .text._ZN5HEADS10setHeadOffEh
                0x00000000100091b0       0x1c CMakeFiles/picoSignals.dir/heads.cpp.obj
                0x00000000100091b0                HEADS::setHeadOff(unsigned char)
 .text._ZN5HEADS12headCommTaskEPv
                0x00000000100091cc      0x5c8 CMakeFiles/picoSignals.dir/heads.cpp.obj
                0x00000000100091cc                HEADS::headCommTask(void*)
 .text._ZN5HEADS7setHeadEhh
                0x0000000010009794       0x18 CMakeFiles/picoSignals.dir/heads.cpp.obj
                0x0000000010009794                HEADS::setHead(unsigned char, unsigned char)
 .text._ZN11ArduinoJson8V741HB226detail7forwardIRA4_KcEEOT_RNS1_16remove_referenceIS6_E4typeE
                0x00000000100097ac        0x2 CMakeFiles/picoSignals.dir/heads.cpp.obj
                0x00000000100097ac                char const (&ArduinoJson::V741HB22::detail::forward<char const (&) [4]>(ArduinoJson::V741HB22::detail::remove_reference<char const (&) [4]>::type&)) [4]
 .text._ZN11ArduinoJson8V741HB226detail11adaptStringIRA4_KcEENS1_13StringAdapterINS1_11conditionalIXsrNS1_15IsStringLiteralIT_EE5valueES9_NS1_9remove_cvINS1_16remove_referenceIS9_E4typeEE4typeEE4typeEvE13AdaptedStringEOS9_
                0x00000000100097ae       0x18 CMakeFiles/picoSignals.dir/heads.cpp.obj
                0x00000000100097ae                ArduinoJson::V741HB22::detail::StringAdapter<ArduinoJson::V741HB22::detail::conditional<ArduinoJson::V741HB22::detail::IsStringLiteral<char const (&) [4]>::value, char const (&) [4], ArduinoJson::V741HB22::detail::remove_cv<ArduinoJson::V741HB22::detail::remove_reference<char const (&) [4]>::type>::type>::type, void>::AdaptedString ArduinoJson::V741HB22::detail::adaptString<char const (&) [4]>(char const (&) [4])
 .text._ZN11ArduinoJson8V741HB226detail7forwardIRA9_KcEEOT_RNS1_16remove_referenceIS6_E4typeE
                0x00000000100097c6        0x2 CMakeFiles/picoSignals.dir/heads.cpp.obj
                0x00000000100097c6                char const (&ArduinoJson::V741HB22::detail::forward<char const (&) [9]>(ArduinoJson::V741HB22::detail::remove_reference<char const (&) [9]>::type&)) [9]
 .text._ZN11ArduinoJson8V741HB226detail11adaptStringIRA9_KcEENS1_13StringAdapterINS1_11conditionalIXsrNS1_15IsStringLiteralIT_EE5valueES9_NS1_9remove_cvINS1_16remove_referenceIS9_E4typeEE4typeEE4typeEvE13AdaptedStringEOS9_
                0x00000000100097c8       0x18 CMakeFiles/picoSignals.dir/heads.cpp.obj
                0x00000000100097c8                ArduinoJson::V741HB22::detail::StringAdapter<ArduinoJson::V741HB22::detail::conditional<ArduinoJson::V741HB22::detail::IsStringLiteral<char const (&) [9]>::value, char const (&) [9], ArduinoJson::V741HB22::detail::remove_cv<ArduinoJson::V741HB22::detail::remove_reference<char const (&) [9]>::type>::type>::type, void>::AdaptedString ArduinoJson::V741HB22::detail::adaptString<char const (&) [9]>(char const (&) [9])
 .text._ZN11ArduinoJson8V741HB226detail17arithmeticCompareIdEENS1_13CompareResultERKT_S6_
                0x00000000100097e0       0x36 CMakeFiles/picoSignals.dir/heads.cpp.obj
                0x00000000100097e0                ArduinoJson::V741HB22::detail::CompareResult ArduinoJson::V741HB22::detail::arithmeticCompare<double>(double const&, double const&)
 .text._ZN11ArduinoJson8V741HB226detail17arithmeticCompareIxEENS1_13CompareResultERKT_S6_
                0x0000000010009816       0x2a CMakeFiles/picoSignals.dir/heads.cpp.obj
                0x0000000010009816                ArduinoJson::V741HB22::detail::CompareResult ArduinoJson::V741HB22::detail::arithmeticCompare<long long>(long long const&, long long const&)
 .text._ZN11ArduinoJson8V741HB226detail17arithmeticCompareIyEENS1_13CompareResultERKT_S6_
                0x0000000010009840       0x2a CMakeFiles/picoSignals.dir/heads.cpp.obj
                0x0000000010009840                ArduinoJson::V741HB22::detail::CompareResult ArduinoJson::V741HB22::detail::arithmeticCompare<unsigned long long>(unsigned long long const&, unsigned long long const&)
 *fill*         0x000000001000986a        0x2 
 .text._ZNK11ArduinoJson8V741HB226detail14VariantRefBaseINS1_12ElementProxyINS1_11MemberProxyINS4_INS0_10JsonObjectENS1_9RamStringEEES6_EEEEE2asIhEET_v
                0x000000001000986c      0x180 CMakeFiles/picoSignals.dir/heads.cpp.obj
                0x000000001000986c                unsigned char ArduinoJson::V741HB22::detail::VariantRefBase<ArduinoJson::V741HB22::detail::ElementProxy<ArduinoJson::V741HB22::detail::MemberProxy<ArduinoJson::V741HB22::detail::MemberProxy<ArduinoJson::V741HB22::JsonObject, ArduinoJson::V741HB22::detail::RamString>, ArduinoJson::V741HB22::detail::RamString> > >::as<unsigned char>() const
 .text._ZNK11ArduinoJson8V741HB226detail14VariantRefBaseINS1_11MemberProxyINS3_INS0_10JsonObjectENS1_9RamStringEEES5_EEE2asIhEET_v
                0x00000000100099ec       0x5e CMakeFiles/picoSignals.dir/heads.cpp.obj
                0x00000000100099ec                unsigned char ArduinoJson::V741HB22::detail::VariantRefBase<ArduinoJson::V741HB22::detail::MemberProxy<ArduinoJson::V741HB22::detail::MemberProxy<ArduinoJson::V741HB22::JsonObject, ArduinoJson::V741HB22::detail::RamString>, ArduinoJson::V741HB22::detail::RamString> >::as<unsigned char>() const
 .text._ZN11ArduinoJson8V741HB226detail17arithmeticCompareIfiEENS1_13CompareResultERKT_RKT0_PNS1_9enable_ifIXoosrNS1_17is_floating_pointIS4_EE5valuesrNSB_IS7_EE5valueEvE4typeE
                0x0000000010009a4a       0x26 CMakeFiles/picoSignals.dir/heads.cpp.obj
                0x0000000010009a4a                ArduinoJson::V741HB22::detail::CompareResult ArduinoJson::V741HB22::detail::arithmeticCompare<float, int>(float const&, int const&, ArduinoJson::V741HB22::detail::enable_if<ArduinoJson::V741HB22::detail::is_floating_point<float>::value||ArduinoJson::V741HB22::detail::is_floating_point<int>::value, void>::type*)
 .text._ZN11ArduinoJson8V741HB226detail17arithmeticCompareIdiEENS1_13CompareResultERKT_RKT0_PNS1_9enable_ifIXoosrNS1_17is_floating_pointIS4_EE5valuesrNSB_IS7_EE5valueEvE4typeE
                0x0000000010009a70       0x22 CMakeFiles/picoSignals.dir/heads.cpp.obj
                0x0000000010009a70                ArduinoJson::V741HB22::detail::CompareResult ArduinoJson::V741HB22::detail::arithmeticCompare<double, int>(double const&, int const&, ArduinoJson::V741HB22::detail::enable_if<ArduinoJson::V741HB22::detail::is_floating_point<double>::value||ArduinoJson::V741HB22::detail::is_floating_point<int>::value, void>::type*)
 .text._ZN11ArduinoJson8V741HB226detail17arithmeticCompareIxiEENS1_13CompareResultERKT_RKT0_PNS1_9enable_ifIXaaaasrNS1_11is_integralIS4_EE5valuesrNSB_IS7_EE5valueltstS7_stS4_EvE4typeE
                0x0000000010009a92       0x16 CMakeFiles/picoSignals.dir/heads.cpp.obj
                0x0000000010009a92                ArduinoJson::V741HB22::detail::CompareResult ArduinoJson::V741HB22::detail::arithmeticCompare<long long, int>(long long const&, int const&, ArduinoJson::V741HB22::detail::enable_if<(ArduinoJson::V741HB22::detail::is_integral<long long>::value&&ArduinoJson::V741HB22::detail::is_integral<int>::value)&&((sizeof (int))<(sizeof (long long))), void>::type*)
 .text._ZN11ArduinoJson8V741HB226detail17arithmeticCompareIyiEENS1_13CompareResultERKT_RKT0_PNS1_9enable_ifIXaaaasrNS1_11is_integralIS4_EE5valuesrNSB_IS7_EE5valueltstS7_stS4_EvE4typeE
                0x0000000010009aa8       0x16 CMakeFiles/picoSignals.dir/heads.cpp.obj
                0x0000000010009aa8                ArduinoJson::V741HB22::detail::CompareResult ArduinoJson::V741HB22::detail::arithmeticCompare<unsigned long long, int>(unsigned long long const&, int const&, ArduinoJson::V741HB22::detail::enable_if<(ArduinoJson::V741HB22::detail::is_integral<unsigned long long>::value&&ArduinoJson::V741HB22::detail::is_integral<int>::value)&&((sizeof (int))<(sizeof (unsigned long long))), void>::type*)
 *fill*         0x0000000010009abe        0x2 
 .text._ZN11ArduinoJson8V741HB226detailorIiLi0EEET_RKNS1_11MemberProxyIRNS0_12JsonDocumentENS1_9RamStringEEERKS3_
                0x0000000010009ac0      0x138 CMakeFiles/picoSignals.dir/heads.cpp.obj
                0x0000000010009ac0                int ArduinoJson::V741HB22::detail::operator|<int, 0>(ArduinoJson::V741HB22::detail::MemberProxy<ArduinoJson::V741HB22::JsonDocument&, ArduinoJson::V741HB22::detail::RamString> const&, int const&)
 .text._ZN11ArduinoJson8V741HB226detailorIiLi0EEET_RKNS1_11MemberProxyINS4_INS0_10JsonObjectENS1_9RamStringEEES6_EERKS3_
                0x0000000010009bf8      0x16c CMakeFiles/picoSignals.dir/heads.cpp.obj
                0x0000000010009bf8                int ArduinoJson::V741HB22::detail::operator|<int, 0>(ArduinoJson::V741HB22::detail::MemberProxy<ArduinoJson::V741HB22::detail::MemberProxy<ArduinoJson::V741HB22::JsonObject, ArduinoJson::V741HB22::detail::RamString>, ArduinoJson::V741HB22::detail::RamString> const&, int const&)
 .text._ZN11ArduinoJson8V741HB226detailorIiLi0EEET_RKNS1_11MemberProxyINS0_10JsonObjectENS1_9RamStringEEERKS3_
                0x0000000010009d64      0x134 CMakeFiles/picoSignals.dir/heads.cpp.obj
                0x0000000010009d64                int ArduinoJson::V741HB22::detail::operator|<int, 0>(ArduinoJson::V741HB22::detail::MemberProxy<ArduinoJson::V741HB22::JsonObject, ArduinoJson::V741HB22::detail::RamString> const&, int const&)
 .text._ZN11ArduinoJson8V741HB226detail17arithmeticCompareIiEENS1_13CompareResultERKT_S6_
                0x0000000010009e98       0x16 CMakeFiles/picoSignals.dir/heads.cpp.obj
                0x0000000010009e98                ArduinoJson::V741HB22::detail::CompareResult ArduinoJson::V741HB22::detail::arithmeticCompare<int>(int const&, int const&)
 .text._ZN11ArduinoJson8V741HB226detail17arithmeticCompareIbiEENS1_13CompareResultERKT_RKT0_PNS1_9enable_ifIXaaaasrNS1_11is_integralIS4_EE5valuesrNSB_IS7_EE5valueltstS4_stS7_EvE4typeE
                0x0000000010009eae       0x12 CMakeFiles/picoSignals.dir/heads.cpp.obj
                0x0000000010009eae                ArduinoJson::V741HB22::detail::CompareResult ArduinoJson::V741HB22::detail::arithmeticCompare<bool, int>(bool const&, int const&, ArduinoJson::V741HB22::detail::enable_if<(ArduinoJson::V741HB22::detail::is_integral<bool>::value&&ArduinoJson::V741HB22::detail::is_integral<int>::value)&&((sizeof (bool))<(sizeof (int))), void>::type*)
 .text._ZN11ArduinoJson8V741HB226detail6acceptINS1_8ComparerIivEEEENT_11result_typeENS0_16JsonVariantConstERS5_
                0x0000000010009ec0      0x174 CMakeFiles/picoSignals.dir/heads.cpp.obj
                0x0000000010009ec0                ArduinoJson::V741HB22::detail::Comparer<int, void>::result_type ArduinoJson::V741HB22::detail::accept<ArduinoJson::V741HB22::detail::Comparer<int, void> >(ArduinoJson::V741HB22::JsonVariantConst, ArduinoJson::V741HB22::detail::Comparer<int, void>&)
 .text._ZN11ArduinoJson8V741HB226detail7compareIiEENS1_13CompareResultENS0_16JsonVariantConstERKT_
                0x000000001000a034       0x16 CMakeFiles/picoSignals.dir/heads.cpp.obj
                0x000000001000a034                ArduinoJson::V741HB22::detail::CompareResult ArduinoJson::V741HB22::detail::compare<int>(ArduinoJson::V741HB22::JsonVariantConst, int const&)
 *fill*         0x000000001000a04a        0x2 
 .text._ZN5HEADS4initEv
                0x000000001000a04c     0x2c90 CMakeFiles/picoSignals.dir/heads.cpp.obj
                0x000000001000a04c                HEADS::init()
 .text._GLOBAL__sub_I__ZN5HEADS6outputE
                0x000000001000ccdc       0x10 CMakeFiles/picoSignals.dir/heads.cpp.obj
 .text._ZN11ArduinoJson8V741HB226detailL14stringGetCharsINS1_9RamStringEEEvT_Pcj
                0x000000001000ccec       0x70 CMakeFiles/picoSignals.dir/menu.cpp.obj
 .text._ZN11ArduinoJson8V741HB226detailL12isTinyStringINS1_9RamStringEEEbRKT_j
                0x000000001000cd5c       0x60 CMakeFiles/picoSignals.dir/menu.cpp.obj
 .text._ZN11ArduinoJson8V741HB226detail5pow10Ei
                0x000000001000cdbc       0x36 CMakeFiles/picoSignals.dir/menu.cpp.obj
                0x000000001000cdbc                ArduinoJson::V741HB22::detail::pow10(int)
 *fill*         0x000000001000cdf2        0x2 
 .text._ZN4MENU9printHelpEv
                0x000000001000cdf4      0x14c CMakeFiles/picoSignals.dir/menu.cpp.obj
                0x000000001000cdf4                MENU::printHelp()
 .text._ZNK11ArduinoJson8V741HB226detail14VariantRefBaseINS0_11JsonVariantEE2toINS0_10JsonObjectELi0EEES6_v
                0x000000001000cf40       0x58 CMakeFiles/picoSignals.dir/menu.cpp.obj
                0x000000001000cf40                ArduinoJson::V741HB22::JsonObject ArduinoJson::V741HB22::detail::VariantRefBase<ArduinoJson::V741HB22::JsonVariant>::to<ArduinoJson::V741HB22::JsonObject, 0>() const
 .text._ZN11ArduinoJson8V741HB226detail11adaptStringIKcEENS1_13StringAdapterINS1_11conditionalIXsrNS1_15IsStringLiteralIPT_EE5valueES8_NS1_9remove_cvINS1_16remove_referenceIS8_E4typeEE4typeEE4typeEvE13AdaptedStringES8_j
                0x000000001000cf98        0xa CMakeFiles/picoSignals.dir/menu.cpp.obj
                0x000000001000cf98                ArduinoJson::V741HB22::detail::StringAdapter<ArduinoJson::V741HB22::detail::conditional<ArduinoJson::V741HB22::detail::IsStringLiteral<char const*>::value, char const*, ArduinoJson::V741HB22::detail::remove_cv<ArduinoJson::V741HB22::detail::remove_reference<char const*>::type>::type>::type, void>::AdaptedString ArduinoJson::V741HB22::detail::adaptString<char const>(char const*, unsigned int)
 .text._ZN11ArduinoJson8V741HB226detail11adaptStringIcLi0EEENS1_13StringAdapterINS1_11conditionalIXsrNS1_15IsStringLiteralIPT_EE5valueES7_NS1_9remove_cvINS1_16remove_referenceIS7_E4typeEE4typeEE4typeEvE13AdaptedStringES7_
                0x000000001000cfa2       0x1e CMakeFiles/picoSignals.dir/menu.cpp.obj
                0x000000001000cfa2                ArduinoJson::V741HB22::detail::StringAdapter<ArduinoJson::V741HB22::detail::conditional<ArduinoJson::V741HB22::detail::IsStringLiteral<char*>::value, char*, ArduinoJson::V741HB22::detail::remove_cv<ArduinoJson::V741HB22::detail::remove_reference<char*>::type>::type>::type, void>::AdaptedString ArduinoJson::V741HB22::detail::adaptString<char, 0>(char*)
 .text._ZN11ArduinoJson8V741HB2212JsonDocumentixIcLi0EEENS0_6detail11MemberProxyIRS1_NS3_13StringAdapterINS3_11conditionalIXsrNS3_15IsStringLiteralIPT_EE5valueESA_NS3_9remove_cvINS3_16remove_referenceISA_E4typeEE4typeEE4typeEvE13AdaptedStringEEESA_
                0x000000001000cfc0       0x28 CMakeFiles/picoSignals.dir/menu.cpp.obj
                0x000000001000cfc0                ArduinoJson::V741HB22::detail::MemberProxy<ArduinoJson::V741HB22::JsonDocument&, ArduinoJson::V741HB22::detail::StringAdapter<ArduinoJson::V741HB22::detail::conditional<ArduinoJson::V741HB22::detail::IsStringLiteral<char*>::value, char*, ArduinoJson::V741HB22::detail::remove_cv<ArduinoJson::V741HB22::detail::remove_reference<char*>::type>::type>::type, void>::AdaptedString> ArduinoJson::V741HB22::JsonDocument::operator[]<char, 0>(char*)
 .text._ZN11ArduinoJson8V741HB226detail7forwardIRKNS0_10JsonStringEEEOT_RNS1_16remove_referenceIS6_E4typeE
                0x000000001000cfe8        0x2 CMakeFiles/picoSignals.dir/menu.cpp.obj
                0x000000001000cfe8                ArduinoJson::V741HB22::JsonString const& ArduinoJson::V741HB22::detail::forward<ArduinoJson::V741HB22::JsonString const&>(ArduinoJson::V741HB22::detail::remove_reference<ArduinoJson::V741HB22::JsonString const&>::type&)
 .text._ZN11ArduinoJson8V741HB226detail11adaptStringIRKNS0_10JsonStringEEENS1_13StringAdapterINS1_11conditionalIXsrNS1_15IsStringLiteralIT_EE5valueES9_NS1_9remove_cvINS1_16remove_referenceIS9_E4typeEE4typeEE4typeEvE13AdaptedStringEOS9_
                0x000000001000cfea       0x14 CMakeFiles/picoSignals.dir/menu.cpp.obj
                0x000000001000cfea                ArduinoJson::V741HB22::detail::StringAdapter<ArduinoJson::V741HB22::detail::conditional<ArduinoJson::V741HB22::detail::IsStringLiteral<ArduinoJson::V741HB22::JsonString const&>::value, ArduinoJson::V741HB22::JsonString const&, ArduinoJson::V741HB22::detail::remove_cv<ArduinoJson::V741HB22::detail::remove_reference<ArduinoJson::V741HB22::JsonString const&>::type>::type>::type, void>::AdaptedString ArduinoJson::V741HB22::detail::adaptString<ArduinoJson::V741HB22::JsonString const&>(ArduinoJson::V741HB22::JsonString const&)
 *fill*         0x000000001000cffe        0x2 
 .text._ZN11ArduinoJson8V741HB226detail11VariantData9setStringINS1_9RamStringEEEbT_PNS1_15ResourceManagerE
                0x000000001000d000      0x25c CMakeFiles/picoSignals.dir/menu.cpp.obj
                0x000000001000d000                bool ArduinoJson::V741HB22::detail::VariantData::setString<ArduinoJson::V741HB22::detail::RamString>(ArduinoJson::V741HB22::detail::RamString, ArduinoJson::V741HB22::detail::ResourceManager*)
 .text._ZN11ArduinoJson8V741HB226detail14VisitorAdapterINS1_17JsonVariantCopierEE5visitINS0_15SerializedValueIPKcEEEEbRKT_
                0x000000001000d25c      0x1bc CMakeFiles/picoSignals.dir/menu.cpp.obj
                0x000000001000d25c                bool ArduinoJson::V741HB22::detail::VisitorAdapter<ArduinoJson::V741HB22::detail::JsonVariantCopier>::visit<ArduinoJson::V741HB22::SerializedValue<char const*> >(ArduinoJson::V741HB22::SerializedValue<char const*> const&)
 .text._ZN11ArduinoJson8V741HB2212JsonDocumentixIA8_cLi0EEENS0_6detail11MemberProxyIRS1_NS4_13StringAdapterINS4_11conditionalIXsrNS4_15IsStringLiteralIT_EE5valueESA_NS4_9remove_cvINS4_16remove_referenceISA_E4typeEE4typeEE4typeEvE13AdaptedStringEEERKSA_
                0x000000001000d418       0x28 CMakeFiles/picoSignals.dir/menu.cpp.obj
                0x000000001000d418                ArduinoJson::V741HB22::detail::MemberProxy<ArduinoJson::V741HB22::JsonDocument&, ArduinoJson::V741HB22::detail::StringAdapter<ArduinoJson::V741HB22::detail::conditional<ArduinoJson::V741HB22::detail::IsStringLiteral<char [8]>::value, char [8], ArduinoJson::V741HB22::detail::remove_cv<ArduinoJson::V741HB22::detail::remove_reference<char [8]>::type>::type>::type, void>::AdaptedString> ArduinoJson::V741HB22::JsonDocument::operator[]<char [8], 0>(char const (&) [8])
 .text._ZNK11ArduinoJson8V741HB226detail10ObjectData7findKeyINS1_9RamStringEEENS1_18CollectionIteratorET_PKNS1_15ResourceManagerE
                0x000000001000d440      0x1dc CMakeFiles/picoSignals.dir/menu.cpp.obj
                0x000000001000d440                ArduinoJson::V741HB22::detail::CollectionIterator ArduinoJson::V741HB22::detail::ObjectData::findKey<ArduinoJson::V741HB22::detail::RamString>(ArduinoJson::V741HB22::detail::RamString, ArduinoJson::V741HB22::detail::ResourceManager const*) const
 .text._ZNK11ArduinoJson8V741HB226detail11MemberProxyIRNS0_12JsonDocumentENS1_9RamStringEE7getDataEv
                0x000000001000d61c       0xf0 CMakeFiles/picoSignals.dir/menu.cpp.obj
                0x000000001000d61c                ArduinoJson::V741HB22::detail::MemberProxy<ArduinoJson::V741HB22::JsonDocument&, ArduinoJson::V741HB22::detail::RamString>::getData() const
 .text._ZNK11ArduinoJson8V741HB226detail11MemberProxyINS2_IRNS0_12JsonDocumentENS1_9RamStringEEES5_E7getDataEv
                0x000000001000d70c      0x1b8 CMakeFiles/picoSignals.dir/menu.cpp.obj
                0x000000001000d70c                ArduinoJson::V741HB22::detail::MemberProxy<ArduinoJson::V741HB22::detail::MemberProxy<ArduinoJson::V741HB22::JsonDocument&, ArduinoJson::V741HB22::detail::RamString>, ArduinoJson::V741HB22::detail::RamString>::getData() const
 .text._ZNK11ArduinoJson8V741HB226detail14VariantRefBaseINS1_11MemberProxyINS3_IRNS0_12JsonDocumentENS1_9RamStringEEES6_EEE2asIPKcEET_v
                0x000000001000d8c4       0x86 CMakeFiles/picoSignals.dir/menu.cpp.obj
                0x000000001000d8c4                char const* ArduinoJson::V741HB22::detail::VariantRefBase<ArduinoJson::V741HB22::detail::MemberProxy<ArduinoJson::V741HB22::detail::MemberProxy<ArduinoJson::V741HB22::JsonDocument&, ArduinoJson::V741HB22::detail::RamString>, ArduinoJson::V741HB22::detail::RamString> >::as<char const*>() const
 *fill*         0x000000001000d94a        0x2 
 .text._ZNK11ArduinoJson8V741HB226detail14VariantRefBaseINS1_11MemberProxyINS3_IRNS0_12JsonDocumentENS1_9RamStringEEES6_EEE6isNullEv
                0x000000001000d94c      0x1cc CMakeFiles/picoSignals.dir/menu.cpp.obj
                0x000000001000d94c                ArduinoJson::V741HB22::detail::VariantRefBase<ArduinoJson::V741HB22::detail::MemberProxy<ArduinoJson::V741HB22::detail::MemberProxy<ArduinoJson::V741HB22::JsonDocument&, ArduinoJson::V741HB22::detail::RamString>, ArduinoJson::V741HB22::detail::RamString> >::isNull() const
 .text._ZNK11ArduinoJson8V741HB226detail14VariantRefBaseINS1_11MemberProxyIRNS0_12JsonDocumentENS1_9RamStringEEEE6removeIKcLi0EEEvPT_
                0x000000001000db18      0x3c0 CMakeFiles/picoSignals.dir/menu.cpp.obj
                0x000000001000db18                void ArduinoJson::V741HB22::detail::VariantRefBase<ArduinoJson::V741HB22::detail::MemberProxy<ArduinoJson::V741HB22::JsonDocument&, ArduinoJson::V741HB22::detail::RamString> >::remove<char const, 0>(char const*) const
 .text._ZN11ArduinoJson8V741HB226detail13TextFormatterINS1_18StaticStringWriterEE11writeStringEPKcj
                0x000000001000ded8      0x114 CMakeFiles/picoSignals.dir/menu.cpp.obj
                0x000000001000ded8                ArduinoJson::V741HB22::detail::TextFormatter<ArduinoJson::V741HB22::detail::StaticStringWriter>::writeString(char const*, unsigned int)
 .text._ZN4MENU4initEv
                0x000000001000dfec       0x58 CMakeFiles/picoSignals.dir/menu.cpp.obj
                0x000000001000dfec                MENU::init()
 .text._ZNK11ArduinoJson8V741HB226detail14VariantRefBaseINS1_12ElementProxyINS1_11MemberProxyINS4_IRNS0_12JsonDocumentENS1_9RamStringEEES7_EEEEE2asIhEET_v
                0x000000001000e044      0x148 CMakeFiles/picoSignals.dir/menu.cpp.obj
                0x000000001000e044                unsigned char ArduinoJson::V741HB22::detail::VariantRefBase<ArduinoJson::V741HB22::detail::ElementProxy<ArduinoJson::V741HB22::detail::MemberProxy<ArduinoJson::V741HB22::detail::MemberProxy<ArduinoJson::V741HB22::JsonDocument&, ArduinoJson::V741HB22::detail::RamString>, ArduinoJson::V741HB22::detail::RamString> > >::as<unsigned char>() const
 .text._ZNK11ArduinoJson8V741HB226detail14VariantRefBaseINS1_11MemberProxyINS3_INS3_IRNS0_12JsonDocumentENS1_9RamStringEEES6_EES6_EEE2asIhEET_v
                0x000000001000e18c      0x11c CMakeFiles/picoSignals.dir/menu.cpp.obj
                0x000000001000e18c                unsigned char ArduinoJson::V741HB22::detail::VariantRefBase<ArduinoJson::V741HB22::detail::MemberProxy<ArduinoJson::V741HB22::detail::MemberProxy<ArduinoJson::V741HB22::detail::MemberProxy<ArduinoJson::V741HB22::JsonDocument&, ArduinoJson::V741HB22::detail::RamString>, ArduinoJson::V741HB22::detail::RamString>, ArduinoJson::V741HB22::detail::RamString> >::as<unsigned char>() const
 .text._ZN11ArduinoJson8V741HB226detail5isnanIdEEbT_
                0x000000001000e2a8       0x16 CMakeFiles/picoSignals.dir/menu.cpp.obj
                0x000000001000e2a8                bool ArduinoJson::V741HB22::detail::isnan<double>(double)
 .text._ZN11ArduinoJson8V741HB226detail5isinfIdEEbT_
                0x000000001000e2be       0x32 CMakeFiles/picoSignals.dir/menu.cpp.obj
                0x000000001000e2be                bool ArduinoJson::V741HB22::detail::isinf<double>(double)
 .text._ZN11ArduinoJson8V741HB226detail13TextFormatterINS1_18StaticStringWriterEE10writeFloatEda
                0x000000001000e2f0      0x498 CMakeFiles/picoSignals.dir/menu.cpp.obj
                0x000000001000e2f0                ArduinoJson::V741HB22::detail::TextFormatter<ArduinoJson::V741HB22::detail::StaticStringWriter>::writeFloat(double, signed char)
 .text._ZNK11ArduinoJson8V741HB226detail11VariantData6acceptINS1_20PrettyJsonSerializerINS1_18StaticStringWriterEEEEENT_11result_typeERS7_PKNS1_15ResourceManagerE
                0x000000001000e788      0x6a4 CMakeFiles/picoSignals.dir/menu.cpp.obj
                0x000000001000e788                ArduinoJson::V741HB22::detail::PrettyJsonSerializer<ArduinoJson::V741HB22::detail::StaticStringWriter>::result_type ArduinoJson::V741HB22::detail::VariantData::accept<ArduinoJson::V741HB22::detail::PrettyJsonSerializer<ArduinoJson::V741HB22::detail::StaticStringWriter> >(ArduinoJson::V741HB22::detail::PrettyJsonSerializer<ArduinoJson::V741HB22::detail::StaticStringWriter>&, ArduinoJson::V741HB22::detail::ResourceManager const*) const
 .text._ZN11ArduinoJson8V741HB226detail11doSerializeINS1_20PrettyJsonSerializerENS1_18StaticStringWriterEEEjNS0_16JsonVariantConstET0_
                0x000000001000ee2c       0x70 CMakeFiles/picoSignals.dir/menu.cpp.obj
                0x000000001000ee2c                unsigned int ArduinoJson::V741HB22::detail::doSerialize<ArduinoJson::V741HB22::detail::PrettyJsonSerializer, ArduinoJson::V741HB22::detail::StaticStringWriter>(ArduinoJson::V741HB22::JsonVariantConst, ArduinoJson::V741HB22::detail::StaticStringWriter)
 .text._ZN11ArduinoJson8V741HB226detail9serializeINS1_20PrettyJsonSerializerEEENS1_9enable_ifIXsrT_INS1_18StaticStringWriterEE12producesTextEjE4typeENS0_16JsonVariantConstEPvj
                0x000000001000ee9c       0x26 CMakeFiles/picoSignals.dir/menu.cpp.obj
                0x000000001000ee9c                ArduinoJson::V741HB22::detail::enable_if<ArduinoJson::V741HB22::detail::PrettyJsonSerializer<ArduinoJson::V741HB22::detail::StaticStringWriter>::producesText, unsigned int>::type ArduinoJson::V741HB22::detail::serialize<ArduinoJson::V741HB22::detail::PrettyJsonSerializer>(ArduinoJson::V741HB22::JsonVariantConst, void*, unsigned int)
 *fill*         0x000000001000eec2        0x2 
 .text._ZN4MENU13menuProcessorEPc
                0x000000001000eec4      0x5b0 CMakeFiles/picoSignals.dir/menu.cpp.obj
                0x000000001000eec4                MENU::menuProcessor(char*)
 .text._ZN11ArduinoJson8V741HB226detail20PrettyJsonSerializerINS1_18StaticStringWriterEE5visitERKNS1_10ObjectDataE
                0x000000001000f474      0x2c0 CMakeFiles/picoSignals.dir/menu.cpp.obj
                0x000000001000f474                ArduinoJson::V741HB22::detail::PrettyJsonSerializer<ArduinoJson::V741HB22::detail::StaticStringWriter>::visit(ArduinoJson::V741HB22::detail::ObjectData const&)
 .text._ZN11ArduinoJson8V741HB226detail16canConvertNumberImmEENS1_9enable_ifIXaaaaaasrNS1_11is_integralIT0_EE5valuesrNS1_11is_unsignedIS5_EE5valuesrNS4_IT_EE5valuelestS9_stS5_EbE4typeES5_
                0x000000001000f734        0x4 CMakeFiles/picoSignals.dir/menu.cpp.obj